###############################################################################
#
# IAR ELF Linker V8.32.1.169/W32 for ARM                  17/Jun/2020  18:57:16
# Copyright 2007-2018 IAR Systems AB.
#
#    Output file  =  
#        C:\Users\asus\Documents\嵌入式\STM32\F103C8T6资料\自研发库\IAR_STM32\Debug\Exe\Demo.out
#    Map file     =  
#        C:\Users\asus\Documents\嵌入式\STM32\F103C8T6资料\自研发库\IAR_STM32\Debug\List\Demo.map
#    Command line =  
#        -f C:\Users\asus\AppData\Local\Temp\EWA8F0.tmp
#        (C:\Users\asus\Documents\嵌入式\STM32\F103C8T6资料\自研发库\IAR_STM32\Debug\Obj\adc.o
#        C:\Users\asus\Documents\嵌入式\STM32\F103C8T6资料\自研发库\IAR_STM32\Debug\Obj\buffer.o
#        C:\Users\asus\Documents\嵌入式\STM32\F103C8T6资料\自研发库\IAR_STM32\Debug\Obj\common.o
#        C:\Users\asus\Documents\嵌入式\STM32\F103C8T6资料\自研发库\IAR_STM32\Debug\Obj\delay.o
#        C:\Users\asus\Documents\嵌入式\STM32\F103C8T6资料\自研发库\IAR_STM32\Debug\Obj\encoder.o
#        C:\Users\asus\Documents\嵌入式\STM32\F103C8T6资料\自研发库\IAR_STM32\Debug\Obj\gpio.o
#        C:\Users\asus\Documents\嵌入式\STM32\F103C8T6资料\自研发库\IAR_STM32\Debug\Obj\i2c.o
#        C:\Users\asus\Documents\嵌入式\STM32\F103C8T6资料\自研发库\IAR_STM32\Debug\Obj\interrupt.o
#        C:\Users\asus\Documents\嵌入式\STM32\F103C8T6资料\自研发库\IAR_STM32\Debug\Obj\main.o
#        C:\Users\asus\Documents\嵌入式\STM32\F103C8T6资料\自研发库\IAR_STM32\Debug\Obj\misc.o
#        C:\Users\asus\Documents\嵌入式\STM32\F103C8T6资料\自研发库\IAR_STM32\Debug\Obj\num.o
#        C:\Users\asus\Documents\嵌入式\STM32\F103C8T6资料\自研发库\IAR_STM32\Debug\Obj\oled.o
#        C:\Users\asus\Documents\嵌入式\STM32\F103C8T6资料\自研发库\IAR_STM32\Debug\Obj\port.o
#        C:\Users\asus\Documents\嵌入式\STM32\F103C8T6资料\自研发库\IAR_STM32\Debug\Obj\spi.o
#        C:\Users\asus\Documents\嵌入式\STM32\F103C8T6资料\自研发库\IAR_STM32\Debug\Obj\startup_stm32f10x_md.o
#        C:\Users\asus\Documents\嵌入式\STM32\F103C8T6资料\自研发库\IAR_STM32\Debug\Obj\stm32f10x_adc.o
#        C:\Users\asus\Documents\嵌入式\STM32\F103C8T6资料\自研发库\IAR_STM32\Debug\Obj\stm32f10x_dma.o
#        C:\Users\asus\Documents\嵌入式\STM32\F103C8T6资料\自研发库\IAR_STM32\Debug\Obj\stm32f10x_exti.o
#        C:\Users\asus\Documents\嵌入式\STM32\F103C8T6资料\自研发库\IAR_STM32\Debug\Obj\stm32f10x_gpio.o
#        C:\Users\asus\Documents\嵌入式\STM32\F103C8T6资料\自研发库\IAR_STM32\Debug\Obj\stm32f10x_i2c.o
#        C:\Users\asus\Documents\嵌入式\STM32\F103C8T6资料\自研发库\IAR_STM32\Debug\Obj\stm32f10x_iwdg.o
#        C:\Users\asus\Documents\嵌入式\STM32\F103C8T6资料\自研发库\IAR_STM32\Debug\Obj\stm32f10x_rcc.o
#        C:\Users\asus\Documents\嵌入式\STM32\F103C8T6资料\自研发库\IAR_STM32\Debug\Obj\stm32f10x_spi.o
#        C:\Users\asus\Documents\嵌入式\STM32\F103C8T6资料\自研发库\IAR_STM32\Debug\Obj\stm32f10x_tim.o
#        C:\Users\asus\Documents\嵌入式\STM32\F103C8T6资料\自研发库\IAR_STM32\Debug\Obj\stm32f10x_usart.o
#        C:\Users\asus\Documents\嵌入式\STM32\F103C8T6资料\自研发库\IAR_STM32\Debug\Obj\system.o
#        C:\Users\asus\Documents\嵌入式\STM32\F103C8T6资料\自研发库\IAR_STM32\Debug\Obj\system_stm32f10x.o
#        --no_out_extension -o
#        C:\Users\asus\Documents\嵌入式\STM32\F103C8T6资料\自研发库\IAR_STM32\Debug\Exe\Demo.out
#        --map
#        C:\Users\asus\Documents\嵌入式\STM32\F103C8T6资料\自研发库\IAR_STM32\Debug\List\Demo.map
#        --config "C:\Program Files (x86)\IAR Systems\Embedded Workbench
#        8.2\arm\config\linker\ST\stm32f103xB.icf" --semihosting --entry
#        __iar_program_start --vfe --text_out locale)
#
###############################################################################

*******************************************************************************
*** RUNTIME MODEL ATTRIBUTES
***

CppFlavor                     = *
__CPP_Exceptions              = Disabled
__CPP_Language                = C++14
__Heap_Handler                = DLMalloc
__SystemLibrary               = DLib
__dlib_dynamic_initialization = normal
__dlib_version                = 6


*******************************************************************************
*** HEAP SELECTION
***

The advanced heap was selected because the application calls memory
allocation functions outside of system library functions, and there
are calls to deallocation functions in the application.


*******************************************************************************
*** PLACEMENT SUMMARY
***

"A0":  place at 0x800'0000 { ro section .intvec };
"P1":  place in [from 0x800'0000 to 0x801'ffff] { ro };
define block CSTACK with size = 2K, alignment = 8 { };
define block HEAP with size = 2K, alignment = 8 { };
"P2":  place in [from 0x2000'0000 to 0x2000'4fff] {
          rw, block CSTACK, block HEAP };
initialize by copy { rw };

  Section                Kind         Address    Size  Object
  -------                ----         -------    ----  ------
"A0":                                            0xec
  .intvec                ro code   0x800'0000    0xec  startup_stm32f10x_md.o [1]
                                 - 0x800'00ec    0xec

"P1":                                          0xf104
  .text                  ro code   0x800'00ec  0x14e0  dlmalloc.o [2]
  .text                  ro code   0x800'15cc     0x6  abort.o [2]
  .text                  ro code   0x800'15d2    0x3a  zero_init3.o [5]
  .text                  ro code   0x800'160c    0x2c  xgetmemchunk.o [2]
  .text                  ro code   0x800'1638    0x14  exit.o [6]
  .text                  ro code   0x800'164c   0x4aa  interrupt.o [1]
  .text                  ro code   0x800'1af6     0x4  interrupt.o [1]
  .text                  ro code   0x800'1afa     0xe  interrupt.o [1]
  .text                  ro code   0x800'1b08     0x8  interrupt.o [1]
  .text                  ro code   0x800'1b10     0x8  interrupt.o [1]
  .text                  ro code   0x800'1b18     0x8  interrupt.o [1]
  .text                  ro code   0x800'1b20     0x8  interrupt.o [1]
  .text                  ro code   0x800'1b28     0xe  interrupt.o [1]
  .text                  ro code   0x800'1b36     0xe  interrupt.o [1]
  .text                  ro code   0x800'1b44     0x8  interrupt.o [1]
  .text                  ro code   0x800'1b4c     0xe  interrupt.o [1]
  .text                  ro code   0x800'1b5a     0x8  interrupt.o [1]
  .text                  ro code   0x800'1b62     0x8  interrupt.o [1]
  .text                  ro code   0x800'1b6a    0x2a  system.o [1]
  .text                  ro code   0x800'1b94    0xac  interrupt.o [1]
  .text                  ro code   0x800'1c40    0xac  interrupt.o [1]
  .text                  ro code   0x800'1cec     0x8  interrupt.o [1]
  .text                  ro code   0x800'1cf4     0x8  interrupt.o [1]
  .text                  ro code   0x800'1cfc     0xc  interrupt.o [1]
  .text                  ro code   0x800'1d08     0x8  interrupt.o [1]
  .text                  ro code   0x800'1d10     0x8  interrupt.o [1]
  .text                  ro code   0x800'1d18     0xa  interrupt.o [1]
  .text                  ro code   0x800'1d22     0xc  interrupt.o [1]
  .text                  ro code   0x800'1d2e     0xe  interrupt.o [1]
  .text                  ro code   0x800'1d3c    0x64  interrupt.o [1]
  .text                  ro code   0x800'1da0     0x2  interrupt.o [1]
  .text                  ro code   0x800'1da2     0x4  interrupt.o [1]
  .text                  ro code   0x800'1da6     0x4  interrupt.o [1]
  .text                  ro code   0x800'1daa     0x4  interrupt.o [1]
  .text                  ro code   0x800'1dae     0x8  interrupt.o [1]
  .text                  ro code   0x800'1db6    0x26  interrupt.o [1]
  .text                  ro code   0x800'1ddc    0x26  interrupt.o [1]
  .text                  ro code   0x800'1e02     0x4  interrupt.o [1]
  .text                  ro code   0x800'1e06     0x2  system.o [1]
  .text                  ro code   0x800'1e08     0x4  interrupt.o [1]
  .text                  ro code   0x800'1e0c     0x2  interrupt.o [1]
  .text                  ro code   0x800'1e0e     0x2  interrupt.o [1]
  .text                  ro code   0x800'1e10     0x2  interrupt.o [1]
  .text                  ro code   0x800'1e12     0x8  interrupt.o [1]
  .text                  ro code   0x800'1e1a     0xc  interrupt.o [1]
  .text                  ro code   0x800'1e26     0x2  interrupt.o [1]
  .text                  ro code   0x800'1e28     0x8  interrupt.o [1]
  .text                  ro code   0x800'1e30     0xc  interrupt.o [1]
  .text                  ro code   0x800'1e3c     0x2  interrupt.o [1]
  .text                  ro code   0x800'1e3e     0x8  interrupt.o [1]
  .text                  ro code   0x800'1e46     0xe  interrupt.o [1]
  .text                  ro code   0x800'1e54     0x2  interrupt.o [1]
  .text                  ro code   0x800'1e56     0x2  interrupt.o [1]
  .text                  ro code   0x800'1e58     0xa  delop_0.o [3]
  .text                  ro code   0x800'1e62     0x8  interrupt.o [1]
  .text                  ro code   0x800'1e6a     0x4  heaptramp0.o [2]
  .text                  ro code   0x800'1e6e    0x12  interrupt.o [1]
  .text                  ro code   0x800'1e80     0x2  system.o [1]
  .text                  ro code   0x800'1e82   0x4aa  system.o [1]
  .text                  ro code   0x800'232c     0x4  system.o [1]
  .text                  ro code   0x800'2330     0xe  system.o [1]
  .text                  ro code   0x800'233e     0x8  system.o [1]
  .text                  ro code   0x800'2346     0x8  system.o [1]
  .text                  ro code   0x800'234e     0x8  system.o [1]
  .text                  ro code   0x800'2356     0x8  system.o [1]
  .text                  ro code   0x800'235e     0xe  system.o [1]
  .text                  ro code   0x800'236c     0xe  system.o [1]
  .text                  ro code   0x800'237a     0x8  system.o [1]
  .text                  ro code   0x800'2382     0xe  system.o [1]
  .text                  ro code   0x800'2390     0x8  system.o [1]
  .text                  ro code   0x800'2398     0x8  system.o [1]
  .text                  ro code   0x800'23a0    0xac  system.o [1]
  .text                  ro code   0x800'244c    0xac  system.o [1]
  .text                  ro code   0x800'24f8     0x8  system.o [1]
  .text                  ro code   0x800'2500     0x8  system.o [1]
  .text                  ro code   0x800'2508     0xc  system.o [1]
  .text                  ro code   0x800'2514     0x8  system.o [1]
  .text                  ro code   0x800'251c     0x8  system.o [1]
  .text                  ro code   0x800'2524     0xa  system.o [1]
  .text                  ro code   0x800'252e     0xc  system.o [1]
  .text                  ro code   0x800'253a     0xe  system.o [1]
  .text                  ro code   0x800'2548    0x64  system.o [1]
  .text                  ro code   0x800'25ac     0x2  system.o [1]
  .text                  ro code   0x800'25ae     0x4  system.o [1]
  .text                  ro code   0x800'25b2     0x4  system.o [1]
  .text                  ro code   0x800'25b6     0x4  system.o [1]
  .text                  ro code   0x800'25ba     0x8  system.o [1]
  .text                  ro code   0x800'25c2    0x26  system.o [1]
  .text                  ro code   0x800'25e8    0x26  system.o [1]
  .text                  ro code   0x800'260e     0x4  system.o [1]
  .text                  ro code   0x800'2612     0x4  system.o [1]
  .text                  ro code   0x800'2616     0x2  system.o [1]
  .text                  ro code   0x800'2618     0x2  system.o [1]
  .text                  ro code   0x800'261a     0x2  system.o [1]
  .text                  ro code   0x800'261c     0x8  system.o [1]
  .text                  ro code   0x800'2624     0xc  system.o [1]
  .text                  ro code   0x800'2630     0x2  system.o [1]
  .text                  ro code   0x800'2632     0x8  system.o [1]
  .text                  ro code   0x800'263a     0xc  system.o [1]
  .text                  ro code   0x800'2646     0x2  system.o [1]
  .text                  ro code   0x800'2648     0x8  system.o [1]
  .text                  ro code   0x800'2650     0xe  system.o [1]
  .text                  ro code   0x800'265e     0x2  system.o [1]
  .text                  ro code   0x800'2660     0x2  system.o [1]
  .text                  ro code   0x800'2662     0x8  system.o [1]
  .text                  ro code   0x800'266a    0x12  system.o [1]
  .text                  ro code   0x800'267c   0x4aa  system.o [1]
  .text                  ro code   0x800'2b26     0x4  system.o [1]
  .text                  ro code   0x800'2b2a     0xe  system.o [1]
  .text                  ro code   0x800'2b38     0x8  system.o [1]
  .text                  ro code   0x800'2b40     0x8  system.o [1]
  .text                  ro code   0x800'2b48     0x8  system.o [1]
  .text                  ro code   0x800'2b50     0x8  system.o [1]
  .text                  ro code   0x800'2b58     0xe  system.o [1]
  .text                  ro code   0x800'2b66     0xe  system.o [1]
  .text                  ro code   0x800'2b74     0x8  system.o [1]
  .text                  ro code   0x800'2b7c     0xe  system.o [1]
  .text                  ro code   0x800'2b8a     0x8  system.o [1]
  .text                  ro code   0x800'2b92     0x8  system.o [1]
  .text                  ro code   0x800'2b9a    0xac  system.o [1]
  .text                  ro code   0x800'2c46    0xac  system.o [1]
  .text                  ro code   0x800'2cf2     0x8  system.o [1]
  .text                  ro code   0x800'2cfa     0x8  system.o [1]
  .text                  ro code   0x800'2d02     0xc  system.o [1]
  .text                  ro code   0x800'2d0e     0x8  system.o [1]
  .text                  ro code   0x800'2d16     0x8  system.o [1]
  .text                  ro code   0x800'2d1e     0xa  system.o [1]
  .text                  ro code   0x800'2d28     0xc  system.o [1]
  .text                  ro code   0x800'2d34     0xe  system.o [1]
  .text                  ro code   0x800'2d42    0x64  system.o [1]
  .text                  ro code   0x800'2da6     0x2  system.o [1]
  .text                  ro code   0x800'2da8     0x4  system.o [1]
  .text                  ro code   0x800'2dac     0x4  system.o [1]
  .text                  ro code   0x800'2db0     0x4  system.o [1]
  .text                  ro code   0x800'2db4     0x8  system.o [1]
  .text                  ro code   0x800'2dbc    0x26  system.o [1]
  .text                  ro code   0x800'2de2    0x26  system.o [1]
  .text                  ro code   0x800'2e08     0x4  system.o [1]
  .text                  ro code   0x800'2e0c     0x4  system.o [1]
  .text                  ro code   0x800'2e10     0x2  system.o [1]
  .text                  ro code   0x800'2e12     0x2  system.o [1]
  .text                  ro code   0x800'2e14     0x2  system.o [1]
  .text                  ro code   0x800'2e16     0x8  system.o [1]
  .text                  ro code   0x800'2e1e     0xc  system.o [1]
  .text                  ro code   0x800'2e2a     0x2  system.o [1]
  .text                  ro code   0x800'2e2c     0x8  system.o [1]
  .text                  ro code   0x800'2e34     0xc  system.o [1]
  .text                  ro code   0x800'2e40     0x2  system.o [1]
  .text                  ro code   0x800'2e42     0x8  system.o [1]
  .text                  ro code   0x800'2e4a     0xe  system.o [1]
  .text                  ro code   0x800'2e58     0x2  system.o [1]
  .text                  ro code   0x800'2e5a     0x2  system.o [1]
  .text                  ro code   0x800'2e5c     0x8  system.o [1]
  .text                  ro code   0x800'2e64    0x12  system.o [1]
  .text                  ro code   0x800'2e76   0x4aa  system.o [1]
  .text                  ro code   0x800'3320     0x4  system.o [1]
  .text                  ro code   0x800'3324     0xe  system.o [1]
  .text                  ro code   0x800'3332     0x8  system.o [1]
  .text                  ro code   0x800'333a     0x8  system.o [1]
  .text                  ro code   0x800'3342     0x8  system.o [1]
  .text                  ro code   0x800'334a     0x8  system.o [1]
  .text                  ro code   0x800'3352     0xe  system.o [1]
  .text                  ro code   0x800'3360     0xe  system.o [1]
  .text                  ro code   0x800'336e     0x8  system.o [1]
  .text                  ro code   0x800'3376     0xe  system.o [1]
  .text                  ro code   0x800'3384     0x8  system.o [1]
  .text                  ro code   0x800'338c     0x8  system.o [1]
  .text                  ro code   0x800'3394    0xac  system.o [1]
  .text                  ro code   0x800'3440    0xac  system.o [1]
  .text                  ro code   0x800'34ec     0x8  system.o [1]
  .text                  ro code   0x800'34f4     0x8  system.o [1]
  .text                  ro code   0x800'34fc     0xc  system.o [1]
  .text                  ro code   0x800'3508     0x8  system.o [1]
  .text                  ro code   0x800'3510     0x8  system.o [1]
  .text                  ro code   0x800'3518     0xa  system.o [1]
  .text                  ro code   0x800'3522     0xc  system.o [1]
  .text                  ro code   0x800'352e     0xe  system.o [1]
  .text                  ro code   0x800'353c    0x64  system.o [1]
  .text                  ro code   0x800'35a0     0x2  system.o [1]
  .text                  ro code   0x800'35a2     0x4  system.o [1]
  .text                  ro code   0x800'35a6     0x4  system.o [1]
  .text                  ro code   0x800'35aa     0x4  system.o [1]
  .text                  ro code   0x800'35ae     0x8  system.o [1]
  .text                  ro code   0x800'35b6    0x26  system.o [1]
  .text                  ro code   0x800'35dc    0x26  system.o [1]
  .text                  ro code   0x800'3602     0x4  system.o [1]
  .text                  ro code   0x800'3606     0x4  system.o [1]
  .text                  ro code   0x800'360a     0x2  system.o [1]
  .text                  ro code   0x800'360c     0x2  system.o [1]
  .text                  ro code   0x800'360e     0x2  system.o [1]
  .text                  ro code   0x800'3610     0x8  system.o [1]
  .text                  ro code   0x800'3618     0xc  system.o [1]
  .text                  ro code   0x800'3624     0x2  system.o [1]
  .text                  ro code   0x800'3626     0x8  system.o [1]
  .text                  ro code   0x800'362e     0xc  system.o [1]
  .text                  ro code   0x800'363a     0x2  system.o [1]
  .text                  ro code   0x800'363c     0x8  system.o [1]
  .text                  ro code   0x800'3644     0xe  system.o [1]
  .text                  ro code   0x800'3652     0x2  system.o [1]
  .text                  ro code   0x800'3654     0x2  system.o [1]
  .text                  ro code   0x800'3656     0x8  system.o [1]
  .text                  ro code   0x800'365e    0x12  system.o [1]
  .text                  ro code   0x800'3670   0x4aa  system.o [1]
  .text                  ro code   0x800'3b1a     0x4  system.o [1]
  .text                  ro code   0x800'3b1e     0xe  system.o [1]
  .text                  ro code   0x800'3b2c     0x8  system.o [1]
  .text                  ro code   0x800'3b34     0x8  system.o [1]
  .text                  ro code   0x800'3b3c     0x8  system.o [1]
  .text                  ro code   0x800'3b44     0x8  system.o [1]
  .text                  ro code   0x800'3b4c     0xe  system.o [1]
  .text                  ro code   0x800'3b5a     0xe  system.o [1]
  .text                  ro code   0x800'3b68     0x8  system.o [1]
  .text                  ro code   0x800'3b70     0xe  system.o [1]
  .text                  ro code   0x800'3b7e     0x8  system.o [1]
  .text                  ro code   0x800'3b86     0x8  system.o [1]
  .text                  ro code   0x800'3b8e    0xac  system.o [1]
  .text                  ro code   0x800'3c3a    0xac  system.o [1]
  .text                  ro code   0x800'3ce6     0x8  system.o [1]
  .text                  ro code   0x800'3cee     0x8  system.o [1]
  .text                  ro code   0x800'3cf6     0xc  system.o [1]
  .text                  ro code   0x800'3d02     0x8  system.o [1]
  .text                  ro code   0x800'3d0a     0x8  system.o [1]
  .text                  ro code   0x800'3d12     0xa  system.o [1]
  .text                  ro code   0x800'3d1c     0xc  system.o [1]
  .text                  ro code   0x800'3d28     0xe  system.o [1]
  .text                  ro code   0x800'3d36    0x64  system.o [1]
  .text                  ro code   0x800'3d9a     0x2  system.o [1]
  .text                  ro code   0x800'3d9c     0x4  system.o [1]
  .text                  ro code   0x800'3da0     0x4  system.o [1]
  .text                  ro code   0x800'3da4     0x4  system.o [1]
  .text                  ro code   0x800'3da8     0x8  system.o [1]
  .text                  ro code   0x800'3db0    0x26  system.o [1]
  .text                  ro code   0x800'3dd6    0x26  system.o [1]
  .text                  ro code   0x800'3dfc     0x4  system.o [1]
  .text                  ro code   0x800'3e00     0x4  system.o [1]
  .text                  ro code   0x800'3e04     0x2  system.o [1]
  .text                  ro code   0x800'3e06     0x2  system.o [1]
  .text                  ro code   0x800'3e08     0x2  system.o [1]
  .text                  ro code   0x800'3e0a     0x8  system.o [1]
  .text                  ro code   0x800'3e12     0xc  system.o [1]
  .text                  ro code   0x800'3e1e     0x2  system.o [1]
  .text                  ro code   0x800'3e20     0x8  system.o [1]
  .text                  ro code   0x800'3e28     0xc  system.o [1]
  .text                  ro code   0x800'3e34     0x2  system.o [1]
  .text                  ro code   0x800'3e36     0x8  system.o [1]
  .text                  ro code   0x800'3e3e     0xe  system.o [1]
  .text                  ro code   0x800'3e4c     0x2  system.o [1]
  .text                  ro code   0x800'3e4e     0x2  system.o [1]
  .text                  ro code   0x800'3e50     0x8  system.o [1]
  .text                  ro code   0x800'3e58    0x12  system.o [1]
  .text                  ro code   0x800'3e6a   0x4aa  system.o [1]
  .text                  ro code   0x800'4314     0x4  system.o [1]
  .text                  ro code   0x800'4318     0xe  system.o [1]
  .text                  ro code   0x800'4326     0x8  system.o [1]
  .text                  ro code   0x800'432e     0x8  system.o [1]
  .text                  ro code   0x800'4336     0x8  system.o [1]
  .text                  ro code   0x800'433e     0x8  system.o [1]
  .text                  ro code   0x800'4346     0xe  system.o [1]
  .text                  ro code   0x800'4354     0xe  system.o [1]
  .text                  ro code   0x800'4362     0x8  system.o [1]
  .text                  ro code   0x800'436a     0xe  system.o [1]
  .text                  ro code   0x800'4378     0x8  system.o [1]
  .text                  ro code   0x800'4380     0x8  system.o [1]
  .text                  ro code   0x800'4388    0xac  system.o [1]
  .text                  ro code   0x800'4434    0xac  system.o [1]
  .text                  ro code   0x800'44e0     0x8  system.o [1]
  .text                  ro code   0x800'44e8     0x8  system.o [1]
  .text                  ro code   0x800'44f0     0xc  system.o [1]
  .text                  ro code   0x800'44fc     0x8  system.o [1]
  .text                  ro code   0x800'4504     0x8  system.o [1]
  .text                  ro code   0x800'450c     0xa  system.o [1]
  .text                  ro code   0x800'4516     0xc  system.o [1]
  .text                  ro code   0x800'4522     0xe  system.o [1]
  .text                  ro code   0x800'4530    0x64  system.o [1]
  .text                  ro code   0x800'4594     0x2  system.o [1]
  .text                  ro code   0x800'4596     0x4  system.o [1]
  .text                  ro code   0x800'459a     0x4  system.o [1]
  .text                  ro code   0x800'459e     0x4  system.o [1]
  .text                  ro code   0x800'45a2     0x8  system.o [1]
  .text                  ro code   0x800'45aa    0x26  system.o [1]
  .text                  ro code   0x800'45d0    0x26  system.o [1]
  .text                  ro code   0x800'45f6     0x4  system.o [1]
  .text                  ro code   0x800'45fa     0x4  system.o [1]
  .text                  ro code   0x800'45fe     0x2  system.o [1]
  .text                  ro code   0x800'4600     0x2  system.o [1]
  .text                  ro code   0x800'4602     0x2  system.o [1]
  .text                  ro code   0x800'4604     0x8  system.o [1]
  .text                  ro code   0x800'460c     0xc  system.o [1]
  .text                  ro code   0x800'4618     0x2  system.o [1]
  .text                  ro code   0x800'461a     0x8  system.o [1]
  .text                  ro code   0x800'4622     0xc  system.o [1]
  .text                  ro code   0x800'462e     0x2  system.o [1]
  .text                  ro code   0x800'4630     0x8  system.o [1]
  .text                  ro code   0x800'4638     0xe  system.o [1]
  .text                  ro code   0x800'4646     0x2  system.o [1]
  .text                  ro code   0x800'4648     0x2  system.o [1]
  .text                  ro code   0x800'464a     0x8  system.o [1]
  .text                  ro code   0x800'4652    0x12  system.o [1]
  .text                  ro code   0x800'4664   0x4aa  system.o [1]
  .text                  ro code   0x800'4b0e     0x4  system.o [1]
  .text                  ro code   0x800'4b12     0xe  system.o [1]
  .text                  ro code   0x800'4b20     0x8  system.o [1]
  .text                  ro code   0x800'4b28     0x8  system.o [1]
  .text                  ro code   0x800'4b30     0x8  system.o [1]
  .text                  ro code   0x800'4b38     0x8  system.o [1]
  .text                  ro code   0x800'4b40     0xe  system.o [1]
  .text                  ro code   0x800'4b4e     0xe  system.o [1]
  .text                  ro code   0x800'4b5c     0x8  system.o [1]
  .text                  ro code   0x800'4b64     0xe  system.o [1]
  .text                  ro code   0x800'4b72     0x8  system.o [1]
  .text                  ro code   0x800'4b7a     0x8  system.o [1]
  .text                  ro code   0x800'4b82    0xac  system.o [1]
  .text                  ro code   0x800'4c2e    0xac  system.o [1]
  .text                  ro code   0x800'4cda     0x8  system.o [1]
  .text                  ro code   0x800'4ce2     0x8  system.o [1]
  .text                  ro code   0x800'4cea     0xc  system.o [1]
  .text                  ro code   0x800'4cf6     0x8  system.o [1]
  .text                  ro code   0x800'4cfe     0x8  system.o [1]
  .text                  ro code   0x800'4d06     0xa  system.o [1]
  .text                  ro code   0x800'4d10     0xc  system.o [1]
  .text                  ro code   0x800'4d1c     0xe  system.o [1]
  .text                  ro code   0x800'4d2a    0x64  system.o [1]
  .text                  ro code   0x800'4d8e     0x2  system.o [1]
  .text                  ro code   0x800'4d90     0x4  system.o [1]
  .text                  ro code   0x800'4d94     0x4  system.o [1]
  .text                  ro code   0x800'4d98     0x4  system.o [1]
  .text                  ro code   0x800'4d9c     0x8  system.o [1]
  .text                  ro code   0x800'4da4    0x26  system.o [1]
  .text                  ro code   0x800'4dca    0x26  system.o [1]
  .text                  ro code   0x800'4df0     0x4  system.o [1]
  .text                  ro code   0x800'4df4     0x4  system.o [1]
  .text                  ro code   0x800'4df8     0x2  system.o [1]
  .text                  ro code   0x800'4dfa     0x2  system.o [1]
  .text                  ro code   0x800'4dfc     0x2  system.o [1]
  .text                  ro code   0x800'4dfe     0x8  system.o [1]
  .text                  ro code   0x800'4e06     0xc  system.o [1]
  .text                  ro code   0x800'4e12     0x2  system.o [1]
  .text                  ro code   0x800'4e14     0x8  system.o [1]
  .text                  ro code   0x800'4e1c     0xc  system.o [1]
  .text                  ro code   0x800'4e28     0x2  system.o [1]
  .text                  ro code   0x800'4e2a     0x8  system.o [1]
  .text                  ro code   0x800'4e32     0xe  system.o [1]
  .text                  ro code   0x800'4e40     0x2  system.o [1]
  .text                  ro code   0x800'4e42     0x2  system.o [1]
  .text                  ro code   0x800'4e44     0x8  system.o [1]
  .text                  ro code   0x800'4e4c    0x12  system.o [1]
  .text                  ro code   0x800'4e5e   0x4aa  system.o [1]
  .text                  ro code   0x800'5308     0x4  system.o [1]
  .text                  ro code   0x800'530c     0xe  system.o [1]
  .text                  ro code   0x800'531a     0x8  system.o [1]
  .text                  ro code   0x800'5322     0x8  system.o [1]
  .text                  ro code   0x800'532a     0x8  system.o [1]
  .text                  ro code   0x800'5332     0x8  system.o [1]
  .text                  ro code   0x800'533a     0xe  system.o [1]
  .text                  ro code   0x800'5348     0xe  system.o [1]
  .text                  ro code   0x800'5356     0x8  system.o [1]
  .text                  ro code   0x800'535e     0xe  system.o [1]
  .text                  ro code   0x800'536c     0x8  system.o [1]
  .text                  ro code   0x800'5374     0x8  system.o [1]
  .text                  ro code   0x800'537c    0xac  system.o [1]
  .text                  ro code   0x800'5428    0xac  system.o [1]
  .text                  ro code   0x800'54d4     0x8  system.o [1]
  .text                  ro code   0x800'54dc     0x8  system.o [1]
  .text                  ro code   0x800'54e4     0xc  system.o [1]
  .text                  ro code   0x800'54f0     0x8  system.o [1]
  .text                  ro code   0x800'54f8     0x8  system.o [1]
  .text                  ro code   0x800'5500     0xa  system.o [1]
  .text                  ro code   0x800'550a     0xc  system.o [1]
  .text                  ro code   0x800'5516     0xe  system.o [1]
  .text                  ro code   0x800'5524    0x64  system.o [1]
  .text                  ro code   0x800'5588     0x2  system.o [1]
  .text                  ro code   0x800'558a     0x4  system.o [1]
  .text                  ro code   0x800'558e     0x4  system.o [1]
  .text                  ro code   0x800'5592     0x4  system.o [1]
  .text                  ro code   0x800'5596     0x8  system.o [1]
  .text                  ro code   0x800'559e    0x26  system.o [1]
  .text                  ro code   0x800'55c4    0x26  system.o [1]
  .text                  ro code   0x800'55ea     0x4  system.o [1]
  .text                  ro code   0x800'55ee     0x4  system.o [1]
  .text                  ro code   0x800'55f2     0x2  system.o [1]
  .text                  ro code   0x800'55f4     0x2  system.o [1]
  .text                  ro code   0x800'55f6     0x2  system.o [1]
  .text                  ro code   0x800'55f8     0x8  system.o [1]
  .text                  ro code   0x800'5600     0xc  system.o [1]
  .text                  ro code   0x800'560c     0x2  system.o [1]
  .text                  ro code   0x800'560e     0x8  system.o [1]
  .text                  ro code   0x800'5616     0xc  system.o [1]
  .text                  ro code   0x800'5622     0x2  system.o [1]
  .text                  ro code   0x800'5624     0x8  system.o [1]
  .text                  ro code   0x800'562c     0xe  system.o [1]
  .text                  ro code   0x800'563a     0x2  system.o [1]
  .text                  ro code   0x800'563c     0x2  system.o [1]
  .text                  ro code   0x800'563e     0x8  system.o [1]
  .text                  ro code   0x800'5646    0x12  system.o [1]
  .text                  ro code   0x800'5658   0x2ac  port.o [1]
  .text                  ro code   0x800'5904     0xe  port.o [1]
  .text                  ro code   0x800'5912     0xa  port.o [1]
  .text                  ro code   0x800'591c     0x2  system.o [1]
  .text                  ro code   0x800'591e     0x8  system.o [1]
  .text                  ro code   0x800'5926   0x298  system.o [1]
  .text                  ro code   0x800'5bbe    0x20  system.o [1]
  .text                  ro code   0x800'5bde    0x12  system.o [1]
  .text                  ro code   0x800'5bf0    0x20  system.o [1]
  .text                  ro code   0x800'5c10    0x14  system.o [1]
  .text                  ro code   0x800'5c24     0xa  system.o [1]
  .text                  ro code   0x800'5c2e     0x8  system.o [1]
  .text                  ro code   0x800'5c36    0x12  system.o [1]
  .text                  ro code   0x800'5c48     0xe  system.o [1]
  .text                  ro code   0x800'5c56   0x19e  system.o [1]
  .text                  ro code   0x800'5df4     0x8  port.o [1]
  .text                  ro code   0x800'5dfc     0xa  port.o [1]
  .text                  ro code   0x800'5e06     0xe  system.o [1]
  .text                  ro code   0x800'5e14    0x2e  system.o [1]
  .text                  ro code   0x800'5e42     0x4  system.o [1]
  .text                  ro code   0x800'5e46     0x2  system.o [1]
  .text                  ro code   0x800'5e48     0x2  system.o [1]
  .text                  ro code   0x800'5e4a    0x7e  system.o [1]
  .text                  ro code   0x800'5ec8     0xe  system.o [1]
  .text                  ro code   0x800'5ed6    0x1e  system.o [1]
  .text                  ro code   0x800'5ef4    0x1e  system.o [1]
  .text                  ro code   0x800'5f12     0x6  port.o [1]
  .text                  ro code   0x800'5f18     0xc  system.o [1]
  .text                  ro code   0x800'5f24     0x8  system.o [1]
  .text                  ro code   0x800'5f2c     0x2  system.o [1]
  .text                  ro code   0x800'5f2e     0x2  system.o [1]
  .text                  ro code   0x800'5f30     0x2  system.o [1]
  .text                  ro code   0x800'5f32     0x2  system.o [1]
  .text                  ro code   0x800'5f34     0x8  system.o [1]
  .text                  ro code   0x800'5f3c     0x8  system.o [1]
  .text                  ro code   0x800'5f44   0x2ac  port.o [1]
  .text                  ro code   0x800'61f0     0xe  port.o [1]
  .text                  ro code   0x800'61fe     0xa  port.o [1]
  .text                  ro code   0x800'6208     0x2  system.o [1]
  .text                  ro code   0x800'620a     0x8  system.o [1]
  .text                  ro code   0x800'6212   0x298  system.o [1]
  .text                  ro code   0x800'64aa    0x20  system.o [1]
  .text                  ro code   0x800'64ca    0x12  system.o [1]
  .text                  ro code   0x800'64dc    0x20  system.o [1]
  .text                  ro code   0x800'64fc    0x14  system.o [1]
  .text                  ro code   0x800'6510     0xa  system.o [1]
  .text                  ro code   0x800'651a     0x8  system.o [1]
  .text                  ro code   0x800'6522    0x12  system.o [1]
  .text                  ro code   0x800'6534     0xe  system.o [1]
  .text                  ro code   0x800'6542   0x19e  system.o [1]
  .text                  ro code   0x800'66e0     0x8  port.o [1]
  .text                  ro code   0x800'66e8     0xa  port.o [1]
  .text                  ro code   0x800'66f2     0xe  system.o [1]
  .text                  ro code   0x800'6700    0x2e  system.o [1]
  .text                  ro code   0x800'672e     0x4  system.o [1]
  .text                  ro code   0x800'6732     0x2  system.o [1]
  .text                  ro code   0x800'6734     0x2  system.o [1]
  .text                  ro code   0x800'6736    0x7e  system.o [1]
  .text                  ro code   0x800'67b4     0xe  system.o [1]
  .text                  ro code   0x800'67c2    0x1e  system.o [1]
  .text                  ro code   0x800'67e0    0x1e  system.o [1]
  .text                  ro code   0x800'67fe     0x6  port.o [1]
  .text                  ro code   0x800'6804     0xc  system.o [1]
  .text                  ro code   0x800'6810     0x8  system.o [1]
  .text                  ro code   0x800'6818     0x2  system.o [1]
  .text                  ro code   0x800'681a     0x2  system.o [1]
  .text                  ro code   0x800'681c     0x2  system.o [1]
  .text                  ro code   0x800'681e     0x8  system.o [1]
  .text                  ro code   0x800'6826     0xe  oled.o [1]
  .text                  ro code   0x800'6834     0x8  system.o [1]
  .text                  ro code   0x800'683c   0x2ac  port.o [1]
  .text                  ro code   0x800'6ae8     0xe  port.o [1]
  .text                  ro code   0x800'6af6     0xa  port.o [1]
  .text                  ro code   0x800'6b00     0x2  system.o [1]
  .text                  ro code   0x800'6b02     0x8  system.o [1]
  .text                  ro code   0x800'6b0a   0x298  system.o [1]
  .text                  ro code   0x800'6da2    0x20  system.o [1]
  .text                  ro code   0x800'6dc2    0x12  system.o [1]
  .text                  ro code   0x800'6dd4    0x20  system.o [1]
  .text                  ro code   0x800'6df4    0x14  system.o [1]
  .text                  ro code   0x800'6e08     0xa  system.o [1]
  .text                  ro code   0x800'6e12     0x8  system.o [1]
  .text                  ro code   0x800'6e1a    0x12  system.o [1]
  .text                  ro code   0x800'6e2c     0xe  system.o [1]
  .text                  ro code   0x800'6e3a   0x19e  system.o [1]
  .text                  ro code   0x800'6fd8     0x8  port.o [1]
  .text                  ro code   0x800'6fe0     0xa  port.o [1]
  .text                  ro code   0x800'6fea     0xe  system.o [1]
  .text                  ro code   0x800'6ff8    0x2e  system.o [1]
  .text                  ro code   0x800'7026     0x4  system.o [1]
  .text                  ro code   0x800'702a     0x2  system.o [1]
  .text                  ro code   0x800'702c     0x2  system.o [1]
  .text                  ro code   0x800'702e    0x7e  system.o [1]
  .text                  ro code   0x800'70ac     0xe  system.o [1]
  .text                  ro code   0x800'70ba    0x1e  system.o [1]
  .text                  ro code   0x800'70d8    0x1e  system.o [1]
  .text                  ro code   0x800'70f6     0x6  port.o [1]
  .text                  ro code   0x800'70fc     0xc  system.o [1]
  .text                  ro code   0x800'7108     0x8  system.o [1]
  .text                  ro code   0x800'7110     0x2  system.o [1]
  .text                  ro code   0x800'7112     0x2  system.o [1]
  .text                  ro code   0x800'7114     0x2  system.o [1]
  .text                  ro code   0x800'7116     0x8  system.o [1]
  .rodata                const     0x800'711e     0x2  system.o [1]
  .text                  ro code   0x800'7120     0x8  system.o [1]
  .text                  ro code   0x800'7128   0x2ac  port.o [1]
  .text                  ro code   0x800'73d4     0xe  port.o [1]
  .text                  ro code   0x800'73e2     0xa  port.o [1]
  .text                  ro code   0x800'73ec     0x2  system.o [1]
  .text                  ro code   0x800'73ee     0x8  system.o [1]
  .text                  ro code   0x800'73f6   0x298  system.o [1]
  .text                  ro code   0x800'768e    0x20  system.o [1]
  .text                  ro code   0x800'76ae    0x12  system.o [1]
  .text                  ro code   0x800'76c0    0x20  system.o [1]
  .text                  ro code   0x800'76e0    0x14  system.o [1]
  .text                  ro code   0x800'76f4     0xa  system.o [1]
  .text                  ro code   0x800'76fe     0x8  system.o [1]
  .text                  ro code   0x800'7706    0x12  system.o [1]
  .text                  ro code   0x800'7718     0xe  system.o [1]
  .text                  ro code   0x800'7726   0x19e  system.o [1]
  .text                  ro code   0x800'78c4     0x8  port.o [1]
  .text                  ro code   0x800'78cc     0xa  port.o [1]
  .text                  ro code   0x800'78d6     0xe  system.o [1]
  .text                  ro code   0x800'78e4    0x2e  system.o [1]
  .text                  ro code   0x800'7912     0x4  system.o [1]
  .text                  ro code   0x800'7916     0x2  system.o [1]
  .text                  ro code   0x800'7918     0x2  system.o [1]
  .text                  ro code   0x800'791a    0x7e  system.o [1]
  .text                  ro code   0x800'7998     0xe  system.o [1]
  .text                  ro code   0x800'79a6    0x1e  system.o [1]
  .text                  ro code   0x800'79c4    0x1e  system.o [1]
  .text                  ro code   0x800'79e2     0x6  port.o [1]
  .text                  ro code   0x800'79e8     0xc  system.o [1]
  .text                  ro code   0x800'79f4     0x8  system.o [1]
  .text                  ro code   0x800'79fc     0x2  system.o [1]
  .text                  ro code   0x800'79fe     0x2  system.o [1]
  .text                  ro code   0x800'7a00     0x2  system.o [1]
  .text                  ro code   0x800'7a02     0x8  system.o [1]
  .rodata                const     0x800'7a0a     0x2  system.o [1]
  .text                  ro code   0x800'7a0c     0x8  system.o [1]
  .text                  ro code   0x800'7a14   0x2ac  port.o [1]
  .text                  ro code   0x800'7cc0     0xe  port.o [1]
  .text                  ro code   0x800'7cce     0xa  port.o [1]
  .text                  ro code   0x800'7cd8     0x2  system.o [1]
  .text                  ro code   0x800'7cda     0x8  system.o [1]
  .text                  ro code   0x800'7ce2   0x298  system.o [1]
  .text                  ro code   0x800'7f7a    0x20  system.o [1]
  .text                  ro code   0x800'7f9a    0x12  system.o [1]
  .text                  ro code   0x800'7fac    0x20  system.o [1]
  .text                  ro code   0x800'7fcc    0x14  system.o [1]
  .text                  ro code   0x800'7fe0     0xa  system.o [1]
  .text                  ro code   0x800'7fea     0x8  system.o [1]
  .text                  ro code   0x800'7ff2     0xe  system.o [1]
  .text                  ro code   0x800'8000   0x19e  system.o [1]
  .text                  ro code   0x800'819e     0x8  port.o [1]
  .text                  ro code   0x800'81a6     0xa  port.o [1]
  .text                  ro code   0x800'81b0     0xe  system.o [1]
  .text                  ro code   0x800'81be    0x2e  system.o [1]
  .text                  ro code   0x800'81ec     0x4  system.o [1]
  .text                  ro code   0x800'81f0     0x2  system.o [1]
  .text                  ro code   0x800'81f2     0x2  system.o [1]
  .text                  ro code   0x800'81f4    0x7e  system.o [1]
  .text                  ro code   0x800'8272     0xe  system.o [1]
  .text                  ro code   0x800'8280    0x1e  system.o [1]
  .text                  ro code   0x800'829e    0x1e  system.o [1]
  .text                  ro code   0x800'82bc     0x6  port.o [1]
  .text                  ro code   0x800'82c2     0xc  system.o [1]
  .text                  ro code   0x800'82ce     0x8  system.o [1]
  .text                  ro code   0x800'82d6     0x2  system.o [1]
  .text                  ro code   0x800'82d8     0x2  system.o [1]
  .text                  ro code   0x800'82da     0x2  system.o [1]
  .text                  ro code   0x800'82dc     0x8  system.o [1]
  .text                  ro code   0x800'82e4     0x8  system.o [1]
  .text                  ro code   0x800'82ec   0x2ac  port.o [1]
  .text                  ro code   0x800'8598     0xe  port.o [1]
  .text                  ro code   0x800'85a6     0xa  port.o [1]
  .text                  ro code   0x800'85b0     0x2  system.o [1]
  .text                  ro code   0x800'85b2     0x8  system.o [1]
  .text                  ro code   0x800'85ba   0x298  system.o [1]
  .text                  ro code   0x800'8852    0x20  system.o [1]
  .text                  ro code   0x800'8872    0x12  system.o [1]
  .text                  ro code   0x800'8884    0x20  system.o [1]
  .text                  ro code   0x800'88a4    0x14  system.o [1]
  .text                  ro code   0x800'88b8     0xa  system.o [1]
  .text                  ro code   0x800'88c2     0x8  system.o [1]
  .text                  ro code   0x800'88ca     0xe  system.o [1]
  .text                  ro code   0x800'88d8   0x19e  system.o [1]
  .text                  ro code   0x800'8a76     0x8  port.o [1]
  .text                  ro code   0x800'8a7e     0xa  port.o [1]
  .text                  ro code   0x800'8a88     0xe  system.o [1]
  .text                  ro code   0x800'8a96    0x2e  system.o [1]
  .text                  ro code   0x800'8ac4     0x4  system.o [1]
  .text                  ro code   0x800'8ac8     0x2  system.o [1]
  .text                  ro code   0x800'8aca     0x2  system.o [1]
  .text                  ro code   0x800'8acc    0x7e  system.o [1]
  .text                  ro code   0x800'8b4a     0xe  system.o [1]
  .text                  ro code   0x800'8b58    0x1e  system.o [1]
  .text                  ro code   0x800'8b76    0x1e  system.o [1]
  .text                  ro code   0x800'8b94     0x6  port.o [1]
  .text                  ro code   0x800'8b9a     0xc  system.o [1]
  .text                  ro code   0x800'8ba6     0x8  system.o [1]
  .text                  ro code   0x800'8bae     0x2  system.o [1]
  .text                  ro code   0x800'8bb0     0x2  system.o [1]
  .text                  ro code   0x800'8bb2     0x2  system.o [1]
  .text                  ro code   0x800'8bb4     0x8  system.o [1]
  .text                  ro code   0x800'8bbc     0x8  system.o [1]
  .text                  ro code   0x800'8bc4   0x298  interrupt.o [1]
  .text                  ro code   0x800'8e5c     0xe  interrupt.o [1]
  .text                  ro code   0x800'8e6a    0x2e  interrupt.o [1]
  .text                  ro code   0x800'8e98     0x2  interrupt.o [1]
  .text                  ro code   0x800'8e9a     0x4  interrupt.o [1]
  .text                  ro code   0x800'8e9e     0x8  interrupt.o [1]
  .text                  ro code   0x800'8ea6     0xc  interrupt.o [1]
  .text                  ro code   0x800'8eb2     0x8  interrupt.o [1]
  .text                  ro code   0x800'8eba     0x2  interrupt.o [1]
  .text                  ro code   0x800'8ebc     0x8  interrupt.o [1]
  .text                  ro code   0x800'8ec4     0x8  interrupt.o [1]
  .text                  ro code   0x800'8ecc   0x298  system.o [1]
  .text                  ro code   0x800'9164     0xe  system.o [1]
  .text                  ro code   0x800'9172    0x2e  system.o [1]
  .text                  ro code   0x800'91a0     0x2  system.o [1]
  .text                  ro code   0x800'91a2     0x4  system.o [1]
  .text                  ro code   0x800'91a6     0x8  system.o [1]
  .text                  ro code   0x800'91ae     0xc  system.o [1]
  .text                  ro code   0x800'91ba     0x8  system.o [1]
  .text                  ro code   0x800'91c2     0x2  system.o [1]
  .text                  ro code   0x800'91c4     0x8  system.o [1]
  .text                  ro code   0x800'91cc     0x6  system.o [1]
  .rodata                const     0x800'91d2     0x2  system.o [1]
  .text                  ro code   0x800'91d4   0x240  port.o [1]
  .text                  ro code   0x800'9414    0x40  common.o [1]
  .text                  ro code   0x800'9454    0x90  port.o [1]
  .text                  ro code   0x800'94e4   0x120  stm32f10x_rcc.o [1]
  .text                  ro code   0x800'9604    0x90  port.o [1]
  .text                  ro code   0x800'9694    0x90  port.o [1]
  .text                  ro code   0x800'9724    0xca  stm32f10x_gpio.o [1]
  .rodata                const     0x800'97ee     0x2  system.o [1]
  .text                  ro code   0x800'97f0    0x90  port.o [1]
  .text                  ro code   0x800'9880    0x90  port.o [1]
  .text                  ro code   0x800'9910    0x8c  port.o [1]
  .text                  ro code   0x800'999c    0x90  port.o [1]
  .text                  ro code   0x800'9a2c    0x24  port.o [1]
  .text                  ro code   0x800'9a50     0x2  port.o [1]
  .text                  ro code   0x800'9a52    0x14  port.o [1]
  .text                  ro code   0x800'9a66    0x46  port.o [1]
  .text                  ro code   0x800'9aac     0xc  port.o [1]
  .text                  ro code   0x800'9ab8    0x24  port.o [1]
  .text                  ro code   0x800'9adc     0x2  port.o [1]
  .text                  ro code   0x800'9ade    0x14  port.o [1]
  .text                  ro code   0x800'9af2    0x46  port.o [1]
  .text                  ro code   0x800'9b38     0xc  port.o [1]
  .text                  ro code   0x800'9b44    0x24  port.o [1]
  .text                  ro code   0x800'9b68    0x46  port.o [1]
  .text                  ro code   0x800'9bae     0xc  port.o [1]
  .text                  ro code   0x800'9bba    0x24  port.o [1]
  .text                  ro code   0x800'9bde     0x2  port.o [1]
  .text                  ro code   0x800'9be0    0x14  port.o [1]
  .text                  ro code   0x800'9bf4    0x46  port.o [1]
  .text                  ro code   0x800'9c3a     0xc  port.o [1]
  .text                  ro code   0x800'9c46    0x24  port.o [1]
  .text                  ro code   0x800'9c6a    0x46  port.o [1]
  .text                  ro code   0x800'9cb0     0xc  port.o [1]
  .text                  ro code   0x800'9cbc    0x14  port.o [1]
  .text                  ro code   0x800'9cd0    0x46  port.o [1]
  .text                  ro code   0x800'9d16    0x24  port.o [1]
  .text                  ro code   0x800'9d3a     0x2  port.o [1]
  .text                  ro code   0x800'9d3c    0x14  port.o [1]
  .text                  ro code   0x800'9d50    0x46  port.o [1]
  .text                  ro code   0x800'9d96     0xc  port.o [1]
  .text                  ro code   0x800'9da2    0x54  port.o [1]
  .text                  ro code   0x800'9df6     0x2  system.o [1]
  .text                  ro code   0x800'9df8    0x16  port.o [1]
  .text                  ro code   0x800'9e0e     0x2  port.o [1]
  .text                  ro code   0x800'9e10     0x2  port.o [1]
  .text                  ro code   0x800'9e12     0x2  port.o [1]
  .text                  ro code   0x800'9e14    0x64  port.o [1]
  .text                  ro code   0x800'9e78     0x8  port.o [1]
  .text                  ro code   0x800'9e80     0x8  port.o [1]
  .text                  ro code   0x800'9e88    0x54  port.o [1]
  .text                  ro code   0x800'9edc     0x2  system.o [1]
  .text                  ro code   0x800'9ede    0x16  port.o [1]
  .text                  ro code   0x800'9ef4     0x2  port.o [1]
  .text                  ro code   0x800'9ef6    0x64  port.o [1]
  .text                  ro code   0x800'9f5a     0x8  port.o [1]
  .text                  ro code   0x800'9f62     0x8  port.o [1]
  .text                  ro code   0x800'9f6a    0x54  port.o [1]
  .text                  ro code   0x800'9fbe    0x64  port.o [1]
  .text                  ro code   0x800'a022     0x8  port.o [1]
  .text                  ro code   0x800'a02a     0x8  port.o [1]
  .text                  ro code   0x800'a032    0x54  port.o [1]
  .text                  ro code   0x800'a086     0x2  system.o [1]
  .text                  ro code   0x800'a088    0x16  port.o [1]
  .text                  ro code   0x800'a09e     0x2  port.o [1]
  .text                  ro code   0x800'a0a0    0x64  port.o [1]
  .text                  ro code   0x800'a104     0x8  port.o [1]
  .text                  ro code   0x800'a10c     0x8  port.o [1]
  .text                  ro code   0x800'a114    0x54  port.o [1]
  .text                  ro code   0x800'a168    0x64  port.o [1]
  .text                  ro code   0x800'a1cc     0x8  port.o [1]
  .text                  ro code   0x800'a1d4     0x8  port.o [1]
  .text                  ro code   0x800'a1dc     0x2  port.o [1]
  .text                  ro code   0x800'a1de     0xe  port.o [1]
  .text                  ro code   0x800'a1ec     0x2  port.o [1]
  .text                  ro code   0x800'a1ee    0x64  port.o [1]
  .text                  ro code   0x800'a252    0x54  port.o [1]
  .text                  ro code   0x800'a2a6     0x2  system.o [1]
  .text                  ro code   0x800'a2a8    0x16  port.o [1]
  .text                  ro code   0x800'a2be     0x2  port.o [1]
  .text                  ro code   0x800'a2c0    0x64  port.o [1]
  .text                  ro code   0x800'a324     0x8  port.o [1]
  .text                  ro code   0x800'a32c     0x8  port.o [1]
  .text                  ro code   0x800'a334    0x14  port.o [1]
  .text                  ro code   0x800'a348    0x10  port.o [1]
  .text                  ro code   0x800'a358    0x88  system.o [1]
  .text                  ro code   0x800'a3e0    0x36  port.o [1]
  .text                  ro code   0x800'a416     0xa  port.o [1]
  .text                  ro code   0x800'a420    0x14  port.o [1]
  .text                  ro code   0x800'a434    0x10  port.o [1]
  .text                  ro code   0x800'a444    0x88  system.o [1]
  .text                  ro code   0x800'a4cc    0x36  port.o [1]
  .text                  ro code   0x800'a502     0xa  port.o [1]
  .text                  ro code   0x800'a50c    0x14  port.o [1]
  .text                  ro code   0x800'a520    0x88  system.o [1]
  .text                  ro code   0x800'a5a8    0x36  port.o [1]
  .text                  ro code   0x800'a5de     0xa  port.o [1]
  .text                  ro code   0x800'a5e8    0x14  port.o [1]
  .text                  ro code   0x800'a5fc    0x10  port.o [1]
  .text                  ro code   0x800'a60c    0x88  system.o [1]
  .text                  ro code   0x800'a694    0x36  port.o [1]
  .text                  ro code   0x800'a6ca     0xa  port.o [1]
  .text                  ro code   0x800'a6d4    0x14  port.o [1]
  .text                  ro code   0x800'a6e8    0x88  system.o [1]
  .text                  ro code   0x800'a770    0x36  port.o [1]
  .text                  ro code   0x800'a7a6     0xa  port.o [1]
  .text                  ro code   0x800'a7b0    0x10  port.o [1]
  .text                  ro code   0x800'a7c0    0x36  port.o [1]
  .text                  ro code   0x800'a7f6    0x14  port.o [1]
  .text                  ro code   0x800'a80a    0x10  port.o [1]
  .text                  ro code   0x800'a81a    0x88  system.o [1]
  .text                  ro code   0x800'a8a2    0x36  port.o [1]
  .text                  ro code   0x800'a8d8     0xa  port.o [1]
  .text                  ro code   0x800'a8e2     0x8  port.o [1]
  .text                  ro code   0x800'a8ea     0x8  system.o [1]
  .text                  ro code   0x800'a8f2     0x8  system.o [1]
  .text                  ro code   0x800'a8fa     0x4  system.o [1]
  .text                  ro code   0x800'a8fe    0x36  port.o [1]
  .text                  ro code   0x800'a934     0x8  port.o [1]
  .text                  ro code   0x800'a93c     0x8  system.o [1]
  .text                  ro code   0x800'a944     0x8  system.o [1]
  .text                  ro code   0x800'a94c    0x36  port.o [1]
  .text                  ro code   0x800'a982     0x8  port.o [1]
  .text                  ro code   0x800'a98a     0x8  system.o [1]
  .text                  ro code   0x800'a992     0x8  system.o [1]
  .text                  ro code   0x800'a99a    0x36  port.o [1]
  .text                  ro code   0x800'a9d0     0x8  port.o [1]
  .text                  ro code   0x800'a9d8     0x8  system.o [1]
  .text                  ro code   0x800'a9e0     0x8  system.o [1]
  .text                  ro code   0x800'a9e8    0x36  port.o [1]
  .text                  ro code   0x800'aa1e     0x8  port.o [1]
  .text                  ro code   0x800'aa26     0x8  system.o [1]
  .text                  ro code   0x800'aa2e     0x8  system.o [1]
  .text                  ro code   0x800'aa36    0x36  port.o [1]
  .text                  ro code   0x800'aa6c    0x36  port.o [1]
  .text                  ro code   0x800'aaa2     0x8  port.o [1]
  .text                  ro code   0x800'aaaa     0x8  system.o [1]
  .text                  ro code   0x800'aab2     0x8  system.o [1]
  .text                  ro code   0x800'aaba    0x36  port.o [1]
  .text                  ro code   0x800'aaf0     0x2  port.o [1]
  .text                  ro code   0x800'aaf2     0xe  system.o [1]
  .text                  ro code   0x800'ab00     0x2  system.o [1]
  .text                  ro code   0x800'ab02    0x4a  port.o [1]
  .text                  ro code   0x800'ab4c     0x2  port.o [1]
  .text                  ro code   0x800'ab4e     0xe  system.o [1]
  .text                  ro code   0x800'ab5c     0x2  system.o [1]
  .text                  ro code   0x800'ab5e    0x4a  port.o [1]
  .text                  ro code   0x800'aba8     0x2  port.o [1]
  .text                  ro code   0x800'abaa     0xe  system.o [1]
  .text                  ro code   0x800'abb8     0x2  system.o [1]
  .text                  ro code   0x800'abba    0x4a  port.o [1]
  .text                  ro code   0x800'ac04     0x2  port.o [1]
  .text                  ro code   0x800'ac06     0xe  system.o [1]
  .text                  ro code   0x800'ac14     0x2  system.o [1]
  .text                  ro code   0x800'ac16    0x4a  port.o [1]
  .text                  ro code   0x800'ac60     0x2  port.o [1]
  .text                  ro code   0x800'ac62     0xe  system.o [1]
  .text                  ro code   0x800'ac70     0x2  system.o [1]
  .text                  ro code   0x800'ac72    0x4a  port.o [1]
  .text                  ro code   0x800'acbc    0x4a  port.o [1]
  .text                  ro code   0x800'ad06     0x2  port.o [1]
  .text                  ro code   0x800'ad08     0xe  system.o [1]
  .text                  ro code   0x800'ad16     0x2  system.o [1]
  .text                  ro code   0x800'ad18    0x4a  port.o [1]
  .rodata                const     0x800'ad62     0x2  system.o [1]
  .text                  ro code   0x800'ad64    0x24  system.o [1]
  .text                  ro code   0x800'ad88     0x2  port.o [1]
  .text                  ro code   0x800'ad8a     0xe  port.o [1]
  .text                  ro code   0x800'ad98    0x28  port.o [1]
  .text                  ro code   0x800'adc0    0x24  system.o [1]
  .text                  ro code   0x800'ade4     0xe  port.o [1]
  .rodata                const     0x800'adf2     0x2  system.o [1]
  .text                  ro code   0x800'adf4    0x28  port.o [1]
  .text                  ro code   0x800'ae1c    0x24  system.o [1]
  .text                  ro code   0x800'ae40    0x28  port.o [1]
  .text                  ro code   0x800'ae68    0x24  system.o [1]
  .text                  ro code   0x800'ae8c     0xe  port.o [1]
  .rodata                const     0x800'ae9a     0x2  system.o [1]
  .text                  ro code   0x800'ae9c    0x28  port.o [1]
  .text                  ro code   0x800'aec4    0x24  system.o [1]
  .text                  ro code   0x800'aee8    0x28  port.o [1]
  .text                  ro code   0x800'af10     0x6  port.o [1]
  .rodata                const     0x800'af16     0x2  system.o [1]
  .text                  ro code   0x800'af18    0x28  port.o [1]
  .text                  ro code   0x800'af40    0x24  system.o [1]
  .text                  ro code   0x800'af64     0xe  port.o [1]
  .rodata                const     0x800'af72     0x2  system.o [1]
  .text                  ro code   0x800'af74    0x28  port.o [1]
  .text                  ro code   0x800'af9c    0x24  newop_0.o [3]
  .text                  ro code   0x800'afc0     0x6  port.o [1]
  .text                  ro code   0x800'afc6    0x1a  port.o [1]
  .text                  ro code   0x800'afe0     0x6  port.o [1]
  .text                  ro code   0x800'afe6    0x1a  port.o [1]
  .text                  ro code   0x800'b000    0x1a  port.o [1]
  .text                  ro code   0x800'b01a     0x6  port.o [1]
  .text                  ro code   0x800'b020    0x1a  port.o [1]
  .text                  ro code   0x800'b03a    0x1a  port.o [1]
  .text                  ro code   0x800'b054    0x1a  port.o [1]
  .text                  ro code   0x800'b06e     0x6  port.o [1]
  .text                  ro code   0x800'b074    0x1a  port.o [1]
  .text                  ro code   0x800'b08e     0x4  nomemory.o [3]
  .text                  ro code   0x800'b092     0x2  port.o [1]
  .text                  ro code   0x800'b094     0xa  port.o [1]
  .text                  ro code   0x800'b09e     0x2  port.o [1]
  .text                  ro code   0x800'b0a0     0xa  port.o [1]
  .text                  ro code   0x800'b0aa     0x2  port.o [1]
  .text                  ro code   0x800'b0ac     0xa  port.o [1]
  .text                  ro code   0x800'b0b6     0x2  port.o [1]
  .text                  ro code   0x800'b0b8     0xa  port.o [1]
  .text                  ro code   0x800'b0c2     0x2  port.o [1]
  .text                  ro code   0x800'b0c4     0xa  port.o [1]
  .text                  ro code   0x800'b0ce     0x2  port.o [1]
  .text                  ro code   0x800'b0d0     0x2  port.o [1]
  .text                  ro code   0x800'b0d2     0x2  port.o [1]
  .text                  ro code   0x800'b0d4     0x2  port.o [1]
  .rodata                const     0x800'b0d6     0x2  system.o [1]
  .text                  ro code   0x800'b0d8   0x1c6  stm32f10x_i2c.o [1]
  .rodata                const     0x800'b29e     0x2  system.o [1]
  .text                  ro code   0x800'b2a0   0x1ac  oled.o [1]
  .text                  ro code   0x800'b44c    0xe4  i2c.o [1]
  .text                  ro code   0x800'b530    0x24  oled.o [1]
  .text                  ro code   0x800'b554    0x34  buffer.o [1]
  .text                  ro code   0x800'b588    0xbc  gpio.o [1]
  .text                  ro code   0x800'b644    0x32  spi.o [1]
  .rodata                const     0x800'b676     0x2  system.o [1]
  .text                  ro code   0x800'b678    0xa0  delay.o [1]
  .text                  ro code   0x800'b718    0x24  oled.o [1]
  .text                  ro code   0x800'b73c     0x8  oled.o [1]
  .text                  ro code   0x800'b744    0x7a  oled.o [1]
  .text                  ro code   0x800'b7be    0x18  oled.o [1]
  .text                  ro code   0x800'b7d6    0x32  cxxabi.o [3]
  .text                  ro code   0x800'b808    0x1a  buffer.o [1]
  .rodata                const     0x800'b822     0x2  system.o [1]
  .text                  ro code   0x800'b824    0x1a  stm32f10x_spi.o [1]
  .rodata                const     0x800'b83e     0x2  system.o [1]
  .text                  ro code   0x800'b840    0x20  misc.o [1]
  .text                  ro code   0x800'b860    0x14  oled.o [1]
  .text                  ro code   0x800'b874     0xa  oled.o [1]
  .text                  ro code   0x800'b87e    0x6e  oled.o [1]
  .text                  ro code   0x800'b8ec    0x18  oled.o [1]
  .text                  ro code   0x800'b904     0xa  oled.o [1]
  .text                  ro code   0x800'b90e     0x8  oled.o [1]
  .text                  ro code   0x800'b916     0x8  oled.o [1]
  .text                  ro code   0x800'b91e     0x8  oled.o [1]
  .text                  ro code   0x800'b926     0x8  oled.o [1]
  .text                  ro code   0x800'b92e    0x12  oled.o [1]
  .text                  ro code   0x800'b940     0x8  oled.o [1]
  .text                  ro code   0x800'b948    0x28  oled.o [1]
  .text                  ro code   0x800'b970    0x52  oled.o [1]
  .rodata                const     0x800'b9c2     0x2  system.o [1]
  .text                  ro code   0x800'b9c4    0xa0  cppinit.o [2]
  .text                  ro code   0x800'ba64    0x36  strlen.o [5]
  .text                  ro code   0x800'ba9a     0x8  oled.o [1]
  .text                  ro code   0x800'baa2     0xc  oled.o [1]
  .text                  ro code   0x800'baae    0x10  oled.o [1]
  .text                  ro code   0x800'babe    0x1c  oled.o [1]
  .text                  ro code   0x800'bada     0x8  oled.o [1]
  .text                  ro code   0x800'bae2     0x2  oled.o [1]
  .text                  ro code   0x800'bae4     0x8  oled.o [1]
  .text                  ro code   0x800'baec     0x2  oled.o [1]
  .rodata                const     0x800'baee     0x2  system.o [1]
  .text                  ro code   0x800'baf0    0xa6  ABImemcpy.o [5]
  .text                  ro code   0x800'bb96     0xc  oled.o [1]
  .text                  ro code   0x800'bba2     0xc  oled.o [1]
  .text                  ro code   0x800'bbae     0xa  oled.o [1]
  .text                  ro code   0x800'bbb8     0x6  oled.o [1]
  .text                  ro code   0x800'bbbe    0x32  oled.o [1]
  .text                  ro code   0x800'bbf0    0x7c  oled.o [1]
  .text                  ro code   0x800'bc6c    0x7a  oled.o [1]
  .text                  ro code   0x800'bce6     0x2  oled.o [1]
  .text                  ro code   0x800'bce8    0x12  oled.o [1]
  .rodata                const     0x800'bcfa     0x1  interrupt.o [1]
  .rodata                const     0x800'bcfb     0x1  interrupt.o [1]
  .text                  ro code   0x800'bcfc    0x68  memcmp.o [5]
  .text                  ro code   0x800'bd64     0x2  oled.o [1]
  .text                  ro code   0x800'bd66     0x8  oled.o [1]
  .text                  ro code   0x800'bd6e     0xa  oled.o [1]
  .text                  ro code   0x800'bd78     0x2  oled.o [1]
  .text                  ro code   0x800'bd7a     0x2  oled.o [1]
  .text                  ro code   0x800'bd7c     0x8  oled.o [1]
  .text                  ro code   0x800'bd84    0x12  oled.o [1]
  .text                  ro code   0x800'bd96     0xa  oled.o [1]
  .text                  ro code   0x800'bda0    0x22  oled.o [1]
  .text                  ro code   0x800'bdc2    0x6c  oled.o [1]
  .text                  ro code   0x800'be2e    0x18  oled.o [1]
  .text                  ro code   0x800'be46    0xd6  oled.o [1]
  .text                  ro code   0x800'bf1c     0x2  oled.o [1]
  .text                  ro code   0x800'bf1e    0x12  oled.o [1]
  .text                  ro code   0x800'bf30     0x8  oled.o [1]
  .text                  ro code   0x800'bf38     0x8  oled.o [1]
  .text                  ro code   0x800'bf40     0x8  oled.o [1]
  .text                  ro code   0x800'bf48     0x2  oled.o [1]
  .text                  ro code   0x800'bf4a    0x18  oled.o [1]
  .rodata                const     0x800'bf62     0x1  interrupt.o [1]
  .rodata                const     0x800'bf63     0x1  oled.o [1]
  .text                  ro code   0x800'bf64    0x96  ABImemmove.o [5]
  .text                  ro code   0x800'bffa     0x2  oled.o [1]
  .text                  ro code   0x800'bffc     0x8  oled.o [1]
  .text                  ro code   0x800'c004     0xe  oled.o [1]
  .text                  ro code   0x800'c012     0x2  oled.o [1]
  .text                  ro code   0x800'c014    0x18  oled.o [1]
  .text                  ro code   0x800'c02c     0x6  oled.o [1]
  .text                  ro code   0x800'c032    0x12  oled.o [1]
  .text                  ro code   0x800'c044    0x20  oled.o [1]
  .text                  ro code   0x800'c064   0x19e  interrupt.o [1]
  .text                  ro code   0x800'c202     0xa  interrupt.o [1]
  .text                  ro code   0x800'c20c    0x14  interrupt.o [1]
  .text                  ro code   0x800'c220     0x8  interrupt.o [1]
  .text                  ro code   0x800'c228    0x16  interrupt.o [1]
  .text                  ro code   0x800'c23e    0x20  interrupt.o [1]
  .text                  ro code   0x800'c25e    0x12  interrupt.o [1]
  .text                  ro code   0x800'c270     0xe  interrupt.o [1]
  .text                  ro code   0x800'c27e    0x1e  interrupt.o [1]
  .text                  ro code   0x800'c29c    0x1e  interrupt.o [1]
  .text                  ro code   0x800'c2ba     0x2  interrupt.o [1]
  .text                  ro code   0x800'c2bc     0x2  interrupt.o [1]
  .text                  ro code   0x800'c2be     0xe  interrupt.o [1]
  .text                  ro code   0x800'c2cc     0x2  interrupt.o [1]
  .text                  ro code   0x800'c2ce     0x2  interrupt.o [1]
  .text                  ro code   0x800'c2d0    0x7e  interrupt.o [1]
  .text                  ro code   0x800'c34e   0x19e  system.o [1]
  .text                  ro code   0x800'c4ec     0xa  system.o [1]
  .text                  ro code   0x800'c4f6    0x14  system.o [1]
  .text                  ro code   0x800'c50a     0x8  system.o [1]
  .text                  ro code   0x800'c512    0x16  system.o [1]
  .text                  ro code   0x800'c528    0x20  system.o [1]
  .text                  ro code   0x800'c548    0x12  system.o [1]
  .text                  ro code   0x800'c55a     0xe  system.o [1]
  .text                  ro code   0x800'c568    0x1e  system.o [1]
  .text                  ro code   0x800'c586    0x1e  system.o [1]
  .text                  ro code   0x800'c5a4     0x2  system.o [1]
  .text                  ro code   0x800'c5a6     0x2  system.o [1]
  .text                  ro code   0x800'c5a8     0xe  system.o [1]
  .text                  ro code   0x800'c5b6     0x2  system.o [1]
  .text                  ro code   0x800'c5b8     0x2  system.o [1]
  .text                  ro code   0x800'c5ba    0x7e  system.o [1]
  .text                  ro code   0x800'c638   0x180  system.o [1]
  .text                  ro code   0x800'c7b8    0x18  system.o [1]
  .text                  ro code   0x800'c7d0    0x2c  system.o [1]
  .text                  ro code   0x800'c7fc     0x8  system.o [1]
  .text                  ro code   0x800'c804     0x2  system.o [1]
  .text                  ro code   0x800'c806    0x48  system.o [1]
  .text                  ro code   0x800'c84e     0xe  system.o [1]
  .text                  ro code   0x800'c85c    0x88  system.o [1]
  .text                  ro code   0x800'c8e4    0x18  system.o [1]
  .text                  ro code   0x800'c8fc     0x8  system.o [1]
  .text                  ro code   0x800'c904     0x8  system.o [1]
  .text                  ro code   0x800'c90c     0x8  system.o [1]
  .text                  ro code   0x800'c914    0x18  system.o [1]
  .text                  ro code   0x800'c92c    0x28  system.o [1]
  .text                  ro code   0x800'c954     0xe  system.o [1]
  .text                  ro code   0x800'c962     0x2  system.o [1]
  .text                  ro code   0x800'c964    0x24  system.o [1]
  .text                  ro code   0x800'c988    0x2a  system.o [1]
  .text                  ro code   0x800'c9b2    0x16  system.o [1]
  .text                  ro code   0x800'c9c8    0x1c  system.o [1]
  .text                  ro code   0x800'c9e4    0x1e  system.o [1]
  .text                  ro code   0x800'ca02     0x2  system.o [1]
  .text                  ro code   0x800'ca04     0x2  system.o [1]
  .text                  ro code   0x800'ca06     0x2  system.o [1]
  .text                  ro code   0x800'ca08    0x1c  system.o [1]
  .text                  ro code   0x800'ca24    0x7a  system.o [1]
  .text                  ro code   0x800'ca9e     0x2  system.o [1]
  .text                  ro code   0x800'caa0     0x2  system.o [1]
  .text                  ro code   0x800'caa2     0x8  system.o [1]
  .text                  ro code   0x800'caaa     0xa  system.o [1]
  .text                  ro code   0x800'cab4     0x2  system.o [1]
  .rodata                const     0x800'cab6     0x1  port.o [1]
  .rodata                const     0x800'cab7     0x1  port.o [1]
  .text                  ro code   0x800'cab8   0x118  system_stm32f10x.o [1]
  .text                  ro code   0x800'cbd0    0xc0  system.o [1]
  .text                  ro code   0x800'cc90    0x88  system.o [1]
  .text                  ro code   0x800'cd18    0x58  system.o [1]
  .text                  ro code   0x800'cd70    0x40  system.o [1]
  .text                  ro code   0x800'cdb0    0x58  system.o [1]
  .text                  ro code   0x800'ce08    0x40  system.o [1]
  .text                  ro code   0x800'ce48    0x40  system.o [1]
  .text                  ro code   0x800'ce88    0x18  system.o [1]
  .text                  ro code   0x800'cea0    0x2c  system.o [1]
  .text                  ro code   0x800'cecc    0x18  system.o [1]
  .text                  ro code   0x800'cee4    0x2c  system.o [1]
  .text                  ro code   0x800'cf10    0x18  system.o [1]
  .text                  ro code   0x800'cf28    0x2c  system.o [1]
  .text                  ro code   0x800'cf54    0x18  system.o [1]
  .text                  ro code   0x800'cf6c    0x2c  system.o [1]
  .text                  ro code   0x800'cf98    0x18  system.o [1]
  .text                  ro code   0x800'cfb0    0x2c  system.o [1]
  .text                  ro code   0x800'cfdc    0x18  system.o [1]
  .text                  ro code   0x800'cff4    0x2c  system.o [1]
  .text                  ro code   0x800'd020     0x8  system.o [1]
  .text                  ro code   0x800'd028     0x2  system.o [1]
  .text                  ro code   0x800'd02a    0x48  system.o [1]
  .text                  ro code   0x800'd072     0x8  system.o [1]
  .text                  ro code   0x800'd07a     0x2  system.o [1]
  .text                  ro code   0x800'd07c    0x48  system.o [1]
  .text                  ro code   0x800'd0c4     0x8  system.o [1]
  .text                  ro code   0x800'd0cc     0x2  system.o [1]
  .text                  ro code   0x800'd0ce    0x48  system.o [1]
  .text                  ro code   0x800'd116     0x8  system.o [1]
  .text                  ro code   0x800'd11e     0x2  system.o [1]
  .text                  ro code   0x800'd120    0x48  system.o [1]
  .text                  ro code   0x800'd168     0x8  system.o [1]
  .text                  ro code   0x800'd170     0x2  system.o [1]
  .text                  ro code   0x800'd172    0x48  system.o [1]
  .text                  ro code   0x800'd1ba     0x8  system.o [1]
  .text                  ro code   0x800'd1c2     0x2  system.o [1]
  .text                  ro code   0x800'd1c4    0x48  system.o [1]
  .text                  ro code   0x800'd20c     0xe  system.o [1]
  .text                  ro code   0x800'd21a    0x18  system.o [1]
  .text                  ro code   0x800'd232     0xe  system.o [1]
  .text                  ro code   0x800'd240    0x18  system.o [1]
  .text                  ro code   0x800'd258     0xe  system.o [1]
  .text                  ro code   0x800'd266    0x18  system.o [1]
  .text                  ro code   0x800'd27e     0xe  system.o [1]
  .text                  ro code   0x800'd28c    0x18  system.o [1]
  .text                  ro code   0x800'd2a4     0xe  system.o [1]
  .text                  ro code   0x800'd2b2    0x18  system.o [1]
  .text                  ro code   0x800'd2ca     0xe  system.o [1]
  .text                  ro code   0x800'd2d8    0x18  system.o [1]
  .text                  ro code   0x800'd2f0     0x8  system.o [1]
  .text                  ro code   0x800'd2f8    0x18  system.o [1]
  .text                  ro code   0x800'd310     0x8  system.o [1]
  .text                  ro code   0x800'd318    0x18  system.o [1]
  .text                  ro code   0x800'd330     0x8  system.o [1]
  .text                  ro code   0x800'd338    0x18  system.o [1]
  .text                  ro code   0x800'd350     0x8  system.o [1]
  .text                  ro code   0x800'd358    0x18  system.o [1]
  .text                  ro code   0x800'd370     0x8  system.o [1]
  .text                  ro code   0x800'd378    0x18  system.o [1]
  .text                  ro code   0x800'd390     0x8  system.o [1]
  .text                  ro code   0x800'd398    0x18  system.o [1]
  .text                  ro code   0x800'd3b0    0x28  system.o [1]
  .text                  ro code   0x800'd3d8    0x24  system.o [1]
  .text                  ro code   0x800'd3fc    0x28  system.o [1]
  .text                  ro code   0x800'd424    0x24  system.o [1]
  .text                  ro code   0x800'd448    0x28  system.o [1]
  .text                  ro code   0x800'd470    0x24  system.o [1]
  .text                  ro code   0x800'd494    0x28  system.o [1]
  .text                  ro code   0x800'd4bc    0x24  system.o [1]
  .text                  ro code   0x800'd4e0    0x28  system.o [1]
  .text                  ro code   0x800'd508    0x24  system.o [1]
  .text                  ro code   0x800'd52c    0x28  system.o [1]
  .text                  ro code   0x800'd554    0x24  system.o [1]
  .text                  ro code   0x800'd578    0x2a  system.o [1]
  .text                  ro code   0x800'd5a2    0x16  system.o [1]
  .text                  ro code   0x800'd5b8    0x1e  system.o [1]
  .text                  ro code   0x800'd5d6    0x2a  system.o [1]
  .text                  ro code   0x800'd600    0x16  system.o [1]
  .text                  ro code   0x800'd616    0x1e  system.o [1]
  .text                  ro code   0x800'd634    0x2a  system.o [1]
  .text                  ro code   0x800'd65e    0x16  system.o [1]
  .text                  ro code   0x800'd674    0x1e  system.o [1]
  .text                  ro code   0x800'd692    0x2a  system.o [1]
  .text                  ro code   0x800'd6bc    0x16  system.o [1]
  .text                  ro code   0x800'd6d2    0x1e  system.o [1]
  .text                  ro code   0x800'd6f0    0x2a  system.o [1]
  .text                  ro code   0x800'd71a    0x16  system.o [1]
  .text                  ro code   0x800'd730    0x1e  system.o [1]
  .text                  ro code   0x800'd74e    0x2a  system.o [1]
  .text                  ro code   0x800'd778    0x16  system.o [1]
  .text                  ro code   0x800'd78e    0x1e  system.o [1]
  .text                  ro code   0x800'd7ac     0x2  system.o [1]
  .text                  ro code   0x800'd7ae     0x2  system.o [1]
  .text                  ro code   0x800'd7b0    0x1c  system.o [1]
  .text                  ro code   0x800'd7cc    0x7a  system.o [1]
  .text                  ro code   0x800'd846     0x2  system.o [1]
  .text                  ro code   0x800'd848     0x2  system.o [1]
  .text                  ro code   0x800'd84a     0x2  system.o [1]
  .text                  ro code   0x800'd84c    0x1c  system.o [1]
  .text                  ro code   0x800'd868    0x7a  system.o [1]
  .text                  ro code   0x800'd8e2     0x2  system.o [1]
  .text                  ro code   0x800'd8e4     0x2  system.o [1]
  .text                  ro code   0x800'd8e6    0x1c  system.o [1]
  .text                  ro code   0x800'd902    0x7a  system.o [1]
  .text                  ro code   0x800'd97c     0x2  system.o [1]
  .text                  ro code   0x800'd97e     0x2  system.o [1]
  .text                  ro code   0x800'd980    0x1c  system.o [1]
  .text                  ro code   0x800'd99c    0x7a  system.o [1]
  .text                  ro code   0x800'da16     0x2  system.o [1]
  .text                  ro code   0x800'da18    0x1c  system.o [1]
  .text                  ro code   0x800'da34    0x7a  system.o [1]
  .text                  ro code   0x800'daae     0x2  system.o [1]
  .text                  ro code   0x800'dab0     0x2  system.o [1]
  .text                  ro code   0x800'dab2    0x1c  system.o [1]
  .text                  ro code   0x800'dace    0x7a  system.o [1]
[...]
                         0x800'a4cd   0x36  Code  Gb  port.o [1]
void std::_Wrap_alloc<std::allocator<std::_Tree_node<std::pair<SPI_TypeDef *const , unsigned int>, void *>>>::destroy<std::pair<SPI_TypeDef *const , unsigned int>>(std::pair<SPI_TypeDef *const , unsigned int> *)
                         0x800'2d0f    0x8  Code  Gb  system.o [1]
void std::allocator<char>::construct<char *, char *>(char * *, char * &&...)
                         0x800'c045   0x20  Code  Gb  oled.o [1]
void std::allocator<char>::destroy<char *>(char * *)
                         0x800'bd7b    0x2  Code  Gb  oled.o [1]
void std::allocator<std::_Tree_node<std::pair<ADC_TypeDef *const , unsigned int>, void *>>::construct<std::pair<ADC_TypeDef *const , unsigned int>, std::pair<ADC_TypeDef *, unsigned int>>(std::pair<ADC_TypeDef *const , unsigned int> *, std::pair<ADC_TypeDef *, unsigned int> &&...)
                         0x800'd4bd   0x24  Code  Gb  system.o [1]
void std::allocator<std::_Tree_node<std::pair<ADC_TypeDef *const , unsigned int>, void *>>::construct<std::pair<ADC_TypeDef *const , unsigned int>, std::piecewise_construct_t const &, std::tuple<ADC_TypeDef *&&>, std::tuple<>>(std::pair<ADC_TypeDef *const , unsigned int> *, std::piecewise_construct_t const &, std::tuple<ADC_TypeDef *&&>, std::tuple<> &&...)
                         0x800'ad19   0x4a  Code  Gb  port.o [1]
void std::allocator<std::_Tree_node<std::pair<ADC_TypeDef *const , unsigned int>, void *>>::destroy<std::pair<ADC_TypeDef *const , unsigned int>>(std::pair<ADC_TypeDef *const , unsigned int> *)
                         0x800'3e35    0x2  Code  Gb  system.o [1]
void std::allocator<std::_Tree_node<std::pair<GPIO_TypeDef *const , unsigned int>, void *>>::construct<std::pair<GPIO_TypeDef *const , unsigned int>, std::pair<GPIO_TypeDef *, unsigned int>>(std::pair<GPIO_TypeDef *const , unsigned int> *, std::pair<GPIO_TypeDef *, unsigned int> &&...)
                         0x800'd3d9   0x24  Code  Gb  system.o [1]
void std::allocator<std::_Tree_node<std::pair<GPIO_TypeDef *const , unsigned int>, void *>>::construct<std::pair<GPIO_TypeDef *const , unsigned int>, std::piecewise_construct_t const &, std::tuple<GPIO_TypeDef *&&>, std::tuple<>>(std::pair<GPIO_TypeDef *const , unsigned int> *, std::piecewise_construct_t const &, std::tuple<GPIO_TypeDef *&&>, std::tuple<> &&...)
                         0x800'ab03   0x4a  Code  Gb  port.o [1]
void std::allocator<std::_Tree_node<std::pair<GPIO_TypeDef *const , unsigned int>, void *>>::construct<std::pair<GPIO_TypeDef *const , unsigned int>, std::piecewise_construct_t const &, std::tuple<GPIO_TypeDef *const &>, std::tuple<>>(std::pair<GPIO_TypeDef *const , unsigned int> *, std::piecewise_construct_t const &, std::tuple<GPIO_TypeDef *const &>, std::tuple<> &&...)
                         0x800'acbd   0x4a  Code  Gb  port.o [1]
void std::allocator<std::_Tree_node<std::pair<GPIO_TypeDef *const , unsigned int>, void *>>::destroy<std::pair<GPIO_TypeDef *const , unsigned int>>(std::pair<GPIO_TypeDef *const , unsigned int> *)
                         0x800'2647    0x2  Code  Gb  system.o [1]
void std::allocator<std::_Tree_node<std::pair<I2C_TypeDef *const , unsigned int const *>, void *>>::construct<std::pair<I2C_TypeDef *const , unsigned int const *>, std::pair<I2C_TypeDef *, unsigned int const *>>(std::pair<I2C_TypeDef *const , unsigned int const *> *, std::pair<I2C_TypeDef *, unsigned int const *> &&...)
                         0x800'd555   0x24  Code  Gb  system.o [1]
void std::allocator<std::_Tree_node<std::pair<I2C_TypeDef *const , unsigned int const *>, void *>>::construct<std::pair<I2C_TypeDef *const , unsigned int const *>, std::piecewise_construct_t const &, std::tuple<I2C_TypeDef *&&>, std::tuple<>>(std::pair<I2C_TypeDef *const , unsigned int const *> *, std::piecewise_construct_t const &, std::tuple<I2C_TypeDef *&&>, std::tuple<> &&...)
                         0x800'ac17   0x4a  Code  Gb  port.o [1]
void std::allocator<std::_Tree_node<std::pair<I2C_TypeDef *const , unsigned int const *>, void *>>::destroy<std::pair<I2C_TypeDef *const , unsigned int const *>>(std::pair<I2C_TypeDef *const , unsigned int const *> *)
                         0x800'4e29    0x2  Code  Gb  system.o [1]
void std::allocator<std::_Tree_node<std::pair<I2C_TypeDef *const , unsigned int>, void *>>::construct<std::pair<I2C_TypeDef *const , unsigned int>, std::pair<I2C_TypeDef *, unsigned int>>(std::pair<I2C_TypeDef *const , unsigned int> *, std::pair<I2C_TypeDef *, unsigned int> &&...)
                         0x800'd471   0x24  Code  Gb  system.o [1]
void std::allocator<std::_Tree_node<std::pair<I2C_TypeDef *const , unsigned int>, void *>>::construct<std::pair<I2C_TypeDef *const , unsigned int>, std::piecewise_construct_t const &, std::tuple<I2C_TypeDef *&&>, std::tuple<>>(std::pair<I2C_TypeDef *const , unsigned int> *, std::piecewise_construct_t const &, std::tuple<I2C_TypeDef *&&>, std::tuple<> &&...)
                         0x800'ac73   0x4a  Code  Gb  port.o [1]
void std::allocator<std::_Tree_node<std::pair<I2C_TypeDef *const , unsigned int>, void *>>::destroy<std::pair<I2C_TypeDef *const , unsigned int>>(std::pair<I2C_TypeDef *const , unsigned int> *)
                         0x800'363b    0x2  Code  Gb  system.o [1]
void std::allocator<std::_Tree_node<std::pair<IRQn const, void (*)()>, void *>>::construct<std::pair<IRQn const, void (*)()>, std::pair<IRQn, void (*)()>>(std::pair<IRQn const, void (*)()> *, std::pair<IRQn, void (*)()> &&...)
                         0x800'de25   0x24  Code  Gb  interrupt.o [1]
void std::allocator<std::_Tree_node<std::pair<IRQn const, void (*)()>, void *>>::destroy<std::pair<IRQn const, void (*)()>>(std::pair<IRQn const, void (*)()> *)
                         0x800'1e3d    0x2  Code  Gb  interrupt.o [1]
void std::allocator<std::_Tree_node<std::pair<PTX_n const, ADC_n>, void *>>::construct<std::pair<PTX_n const, ADC_n>, std::pair<PTX_n, ADC_n>>(std::pair<PTX_n const, ADC_n> *, std::pair<PTX_n, ADC_n> &&...)
                         0x800'c965   0x24  Code  Gb  system.o [1]
void std::allocator<std::_Tree_node<std::pair<PTX_n const, ADC_n>, void *>>::destroy<std::pair<PTX_n const, ADC_n>>(std::pair<PTX_n const, ADC_n> *)
                         0x800'5623    0x2  Code  Gb  system.o [1]
void std::allocator<std::_Tree_node<std::pair<SPI_TypeDef *const , unsigned int const *>, void *>>::construct<std::pair<SPI_TypeDef *const , unsigned int const *>, std::pair<SPI_TypeDef *, unsigned int const *>>(std::pair<SPI_TypeDef *const , unsigned int const *> *, std::pair<SPI_TypeDef *, unsigned int const *> &&...)
                         0x800'd509   0x24  Code  Gb  system.o [1]
void std::allocator<std::_Tree_node<std::pair<SPI_TypeDef *const , unsigned int const *>, void *>>::construct<std::pair<SPI_TypeDef *const , unsigned int const *>, std::piecewise_construct_t const &, std::tuple<SPI_TypeDef *&&>, std::tuple<>>(std::pair<SPI_TypeDef *const , unsigned int const *> *, std::piecewise_construct_t const &, std::tuple<SPI_TypeDef *&&>, std::tuple<> &&...)
                         0x800'abbb   0x4a  Code  Gb  port.o [1]
void std::allocator<std::_Tree_node<std::pair<SPI_TypeDef *const , unsigned int const *>, void *>>::destroy<std::pair<SPI_TypeDef *const , unsigned int const *>>(std::pair<SPI_TypeDef *const , unsigned int const *> *)
                         0x800'462f    0x2  Code  Gb  system.o [1]
void std::allocator<std::_Tree_node<std::pair<SPI_TypeDef *const , unsigned int>, void *>>::construct<std::pair<SPI_TypeDef *const , unsigned int>, std::pair<SPI_TypeDef *, unsigned int>>(std::pair<SPI_TypeDef *const , unsigned int> *, std::pair<SPI_TypeDef *, unsigned int> &&...)
                         0x800'd425   0x24  Code  Gb  system.o [1]
void std::allocator<std::_Tree_node<std::pair<SPI_TypeDef *const , unsigned int>, void *>>::construct<std::pair<SPI_TypeDef *const , unsigned int>, std::piecewise_construct_t const &, std::tuple<SPI_TypeDef *&&>, std::tuple<>>(std::pair<SPI_TypeDef *const , unsigned int> *, std::piecewise_construct_t const &, std::tuple<SPI_TypeDef *&&>, std::tuple<> &&...)
                         0x800'ab5f   0x4a  Code  Gb  port.o [1]
void std::allocator<std::_Tree_node<std::pair<SPI_TypeDef *const , unsigned int>, void *>>::destroy<std::pair<SPI_TypeDef *const , unsigned int>>(std::pair<SPI_TypeDef *const , unsigned int> *)
                         0x800'2e41    0x2  Code  Gb  system.o [1]
void std::allocator_traits<std::allocator<char>>::construct<char *, char *>(std::allocator<char>&, char * *, char * &&...)
                         0x800'c015   0x18  Code  Gb  oled.o [1]
void std::allocator_traits<std::allocator<char>>::destroy<char *>(std::allocator<char>&, char * *)
                         0x800'bae5    0x8  Code  Gb  oled.o [1]
void std::allocator_traits<std::allocator<std::_Tree_node<std::pair<ADC_TypeDef *const , unsigned int>, void *>>>::construct<std::pair<ADC_TypeDef *const , unsigned int>, std::pair<ADC_TypeDef *, unsigned int>>(std::allocator<std::_Tree_node<std::pair<ADC_TypeDef *const , unsigned int>, void *>>&, std::pair<ADC_TypeDef *const , unsigned int> *, std::pair<ADC_TypeDef *, unsigned int> &&...)
                         0x800'd359   0x18  Code  Gb  system.o [1]
void std::allocator_traits<std::allocator<std::_Tree_node<std::pair<ADC_TypeDef *const , unsigned int>, void *>>>::construct<std::pair<ADC_TypeDef *const , unsigned int>, std::piecewise_construct_t const &, std::tuple<ADC_TypeDef *&&>, std::tuple<>>(std::allocator<std::_Tree_node<std::pair<ADC_TypeDef *const , unsigned int>, void *>>&, std::pair<ADC_TypeDef *const , unsigned int> *, std::piecewise_construct_t const &, std::tuple<ADC_TypeDef *&&>, std::tuple<> &&...)
                         0x800'aabb   0x36  Code  Gb  port.o [1]
void std::allocator_traits<std::allocator<std::_Tree_node<std::pair<ADC_TypeDef *const , unsigned int>, void *>>>::destroy<std::pair<ADC_TypeDef *const , unsigned int>>(std::allocator<std::_Tree_node<std::pair<ADC_TypeDef *const , unsigned int>, void *>>&, std::pair<ADC_TypeDef *const , unsigned int> *)
                         0x800'3e0b    0x8  Code  Gb  system.o [1]
void std::allocator_traits<std::allocator<std::_Tree_node<std::pair<GPIO_TypeDef *const , unsigned int>, void *>>>::construct<std::pair<GPIO_TypeDef *const , unsigned int>, std::pair<GPIO_TypeDef *, unsigned int>>(std::allocator<std::_Tree_node<std::pair<GPIO_TypeDef *const , unsigned int>, void *>>&, std::pair<GPIO_TypeDef *const , unsigned int> *, std::pair<GPIO_TypeDef *, unsigned int> &&...)
                         0x800'd2f9   0x18  Code  Gb  system.o [1]
void std::allocator_traits<std::allocator<std::_Tree_node<std::pair<GPIO_TypeDef *const , unsigned int>, void *>>>::construct<std::pair<GPIO_TypeDef *const , unsigned int>, std::piecewise_construct_t const &, std::tuple<GPIO_TypeDef *&&>, std::tuple<>>(std::allocator<std::_Tree_node<std::pair<GPIO_TypeDef *const , unsigned int>, void *>>&, std::pair<GPIO_TypeDef *const , unsigned int> *, std::piecewise_construct_t const &, std::tuple<GPIO_TypeDef *&&>, std::tuple<> &&...)
                         0x800'a8ff   0x36  Code  Gb  port.o [1]
void std::allocator_traits<std::allocator<std::_Tree_node<std::pair<GPIO_TypeDef *const , unsigned int>, void *>>>::construct<std::pair<GPIO_TypeDef *const , unsigned int>, std::piecewise_construct_t const &, std::tuple<GPIO_TypeDef *const &>, std::tuple<>>(std::allocator<std::_Tree_node<std::pair<GPIO_TypeDef *const , unsigned int>, void *>>&, std::pair<GPIO_TypeDef *const , unsigned int> *, std::piecewise_construct_t const &, std::tuple<GPIO_TypeDef *const &>, std::tuple<> &&...)
                         0x800'aa6d   0x36  Code  Gb  port.o [1]
void std::allocator_traits<std::allocator<std::_Tree_node<std::pair<GPIO_TypeDef *const , unsigned int>, void *>>>::destroy<std::pair<GPIO_TypeDef *const , unsigned int>>(std::allocator<std::_Tree_node<std::pair<GPIO_TypeDef *const , unsigned int>, void *>>&, std::pair<GPIO_TypeDef *const , unsigned int> *)
                         0x800'261d    0x8  Code  Gb  system.o [1]
void std::allocator_traits<std::allocator<std::_Tree_node<std::pair<I2C_TypeDef *const , unsigned int const *>, void *>>>::construct<std::pair<I2C_TypeDef *const , unsigned int const *>, std::pair<I2C_TypeDef *, unsigned int const *>>(std::allocator<std::_Tree_node<std::pair<I2C_TypeDef *const , unsigned int const *>, void *>>&, std::pair<I2C_TypeDef *const , unsigned int const *> *, std::pair<I2C_TypeDef *, unsigned int const *> &&...)
                         0x800'd399   0x18  Code  Gb  system.o [1]
void std::allocator_traits<std::allocator<std::_Tree_node<std::pair<I2C_TypeDef *const , unsigned int const *>, void *>>>::construct<std::pair<I2C_TypeDef *const , unsigned int const *>, std::piecewise_construct_t const &, std::tuple<I2C_TypeDef *&&>, std::tuple<>>(std::allocator<std::_Tree_node<std::pair<I2C_TypeDef *const , unsigned int const *>, void *>>&, std::pair<I2C_TypeDef *const , unsigned int const *> *, std::piecewise_construct_t const &, std::tuple<I2C_TypeDef *&&>, std::tuple<> &&...)
                         0x800'a9e9   0x36  Code  Gb  port.o [1]
void std::allocator_traits<std::allocator<std::_Tree_node<std::pair<I2C_TypeDef *const , unsigned int const *>, void *>>>::destroy<std::pair<I2C_TypeDef *const , unsigned int const *>>(std::allocator<std::_Tree_node<std::pair<I2C_TypeDef *const , unsigned int const *>, void *>>&, std::pair<I2C_TypeDef *const , unsigned int const *> *)
                         0x800'4dff    0x8  Code  Gb  system.o [1]
void std::allocator_traits<std::allocator<std::_Tree_node<std::pair<I2C_TypeDef *const , unsigned int>, void *>>>::construct<std::pair<I2C_TypeDef *const , unsigned int>, std::pair<I2C_TypeDef *, unsigned int>>(std::allocator<std::_Tree_node<std::pair<I2C_TypeDef *const , unsigned int>, void *>>&, std::pair<I2C_TypeDef *const , unsigned int> *, std::pair<I2C_TypeDef *, unsigned int> &&...)
                         0x800'd339   0x18  Code  Gb  system.o [1]
void std::allocator_traits<std::allocator<std::_Tree_node<std::pair<I2C_TypeDef *const , unsigned int>, void *>>>::construct<std::pair<I2C_TypeDef *const , unsigned int>, std::piecewise_construct_t const &, std::tuple<I2C_TypeDef *&&>, std::tuple<>>(std::allocator<std::_Tree_node<std::pair<I2C_TypeDef *const , unsigned int>, void *>>&, std::pair<I2C_TypeDef *const , unsigned int> *, std::piecewise_construct_t const &, std::tuple<I2C_TypeDef *&&>, std::tuple<> &&...)
                         0x800'aa37   0x36  Code  Gb  port.o [1]
void std::allocator_traits<std::allocator<std::_Tree_node<std::pair<I2C_TypeDef *const , unsigned int>, void *>>>::destroy<std::pair<I2C_TypeDef *const , unsigned int>>(std::allocator<std::_Tree_node<std::pair<I2C_TypeDef *const , unsigned int>, void *>>&, std::pair<I2C_TypeDef *const , unsigned int> *)
                         0x800'3611    0x8  Code  Gb  system.o [1]
void std::allocator_traits<std::allocator<std::_Tree_node<std::pair<IRQn const, void (*)()>, void *>>>::construct<std::pair<IRQn const, void (*)()>, std::pair<IRQn, void (*)()>>(std::allocator<std::_Tree_node<std::pair<IRQn const, void (*)()>, void *>>&, std::pair<IRQn const, void (*)()> *, std::pair<IRQn, void (*)()> &&...)
                         0x800'ddd5   0x18  Code  Gb  interrupt.o [1]
void std::allocator_traits<std::allocator<std::_Tree_node<std::pair<IRQn const, void (*)()>, void *>>>::destroy<std::pair<IRQn const, void (*)()>>(std::allocator<std::_Tree_node<std::pair<IRQn const, void (*)()>, void *>>&, std::pair<IRQn const, void (*)()> *)
                         0x800'1e13    0x8  Code  Gb  interrupt.o [1]
void std::allocator_traits<std::allocator<std::_Tree_node<std::pair<PTX_n const, ADC_n>, void *>>>::construct<std::pair<PTX_n const, ADC_n>, std::pair<PTX_n, ADC_n>>(std::allocator<std::_Tree_node<std::pair<PTX_n const, ADC_n>, void *>>&, std::pair<PTX_n const, ADC_n> *, std::pair<PTX_n, ADC_n> &&...)
                         0x800'c915   0x18  Code  Gb  system.o [1]
void std::allocator_traits<std::allocator<std::_Tree_node<std::pair<PTX_n const, ADC_n>, void *>>>::destroy<std::pair<PTX_n const, ADC_n>>(std::allocator<std::_Tree_node<std::pair<PTX_n const, ADC_n>, void *>>&, std::pair<PTX_n const, ADC_n> *)
                         0x800'55f9    0x8  Code  Gb  system.o [1]
void std::allocator_traits<std::allocator<std::_Tree_node<std::pair<SPI_TypeDef *const , unsigned int const *>, void *>>>::construct<std::pair<SPI_TypeDef *const , unsigned int const *>, std::pair<SPI_TypeDef *, unsigned int const *>>(std::allocator<std::_Tree_node<std::pair<SPI_TypeDef *const , unsigned int const *>, void *>>&, std::pair<SPI_TypeDef *const , unsigned int const *> *, std::pair<SPI_TypeDef *, unsigned int const *> &&...)
                         0x800'd379   0x18  Code  Gb  system.o [1]
void std::allocator_traits<std::allocator<std::_Tree_node<std::pair<SPI_TypeDef *const , unsigned int const *>, void *>>>::construct<std::pair<SPI_TypeDef *const , unsigned int const *>, std::piecewise_construct_t const &, std::tuple<SPI_TypeDef *&&>, std::tuple<>>(std::allocator<std::_Tree_node<std::pair<SPI_TypeDef *const , unsigned int const *>, void *>>&, std::pair<SPI_TypeDef *const , unsigned int const *> *, std::piecewise_construct_t const &, std::tuple<SPI_TypeDef *&&>, std::tuple<> &&...)
                         0x800'a99b   0x36  Code  Gb  port.o [1]
void std::allocator_traits<std::allocator<std::_Tree_node<std::pair<SPI_TypeDef *const , unsigned int const *>, void *>>>::destroy<std::pair<SPI_TypeDef *const , unsigned int const *>>(std::allocator<std::_Tree_node<std::pair<SPI_TypeDef *const , unsigned int const *>, void *>>&, std::pair<SPI_TypeDef *const , unsigned int const *> *)
                         0x800'4605    0x8  Code  Gb  system.o [1]
void std::allocator_traits<std::allocator<std::_Tree_node<std::pair<SPI_TypeDef *const , unsigned int>, void *>>>::construct<std::pair<SPI_TypeDef *const , unsigned int>, std::pair<SPI_TypeDef *, unsigned int>>(std::allocator<std::_Tree_node<std::pair<SPI_TypeDef *const , unsigned int>, void *>>&, std::pair<SPI_TypeDef *const , unsigned int> *, std::pair<SPI_TypeDef *, unsigned int> &&...)
                         0x800'd319   0x18  Code  Gb  system.o [1]
void std::allocator_traits<std::allocator<std::_Tree_node<std::pair<SPI_TypeDef *const , unsigned int>, void *>>>::construct<std::pair<SPI_TypeDef *const , unsigned int>, std::piecewise_construct_t const &, std::tuple<SPI_TypeDef *&&>, std::tuple<>>(std::allocator<std::_Tree_node<std::pair<SPI_TypeDef *const , unsigned int>, void *>>&, std::pair<SPI_TypeDef *const , unsigned int> *, std::piecewise_construct_t const &, std::tuple<SPI_TypeDef *&&>, std::tuple<> &&...)
                         0x800'a94d   0x36  Code  Gb  port.o [1]
void std::allocator_traits<std::allocator<std::_Tree_node<std::pair<SPI_TypeDef *const , unsigned int>, void *>>>::destroy<std::pair<SPI_TypeDef *const , unsigned int>>(std::allocator<std::_Tree_node<std::pair<SPI_TypeDef *const , unsigned int>, void *>>&, std::pair<SPI_TypeDef *const , unsigned int> *)
                         0x800'2e17    0x8  Code  Gb  system.o [1]
void std::swap<char>(char &, char &)
                         0x800'1b6b   0x2a  Code  Gb  system.o [1]


[1] = C:\Users\asus\Documents\嵌入式\STM32\F103C8T6资料\自研发库\IAR_STM32\Debug\Obj
[2] = dl7M_tln.a
[3] = dlpp7M_tl_nc.a
[4] = m7M_tl.a
[5] = rt7M_tl.a
[6] = shb_l.a

  61 432 bytes of readonly  code memory
     504 bytes of readonly  data memory
   5 267 bytes of readwrite data memory

Errors: none
Warnings: none
